/home/UFAD/tcuevasmestanza/.conda/envs/racing/lib/python3.12/site-packages/tyro/_parsers.py:353: UserWarning: The field `track-seed` is annotated with type `<class 'int'>`, but the default value `None` has type `<class 'NoneType'>`. We'll try to handle this gracefully, but it may cause unexpected behavior.
  warnings.warn(message)
/home/UFAD/tcuevasmestanza/.conda/envs/racing/lib/python3.12/site-packages/tyro/_parsers.py:353: UserWarning: The field `wandb-entity` is annotated with type `<class 'str'>`, but the default value `None` has type `<class 'NoneType'>`. We'll try to handle this gracefully, but it may cause unexpected behavior.
  warnings.warn(message)
/home/UFAD/tcuevasmestanza/.conda/envs/racing/lib/python3.12/site-packages/tyro/_parsers.py:353: UserWarning: The field `target-kl` is annotated with type `<class 'float'>`, but the default value `None` has type `<class 'NoneType'>`. We'll try to handle this gracefully, but it may cause unexpected behavior.
  warnings.warn(message)
/home/UFAD/tcuevasmestanza/.conda/envs/racing/lib/python3.12/site-packages/tyro/_parsers.py:353: UserWarning: The field `resume-path` is annotated with type `<class 'str'>`, but the default value `None` has type `<class 'NoneType'>`. We'll try to handle this gracefully, but it may cause unexpected behavior.
  warnings.warn(message)
Experiment info saved → runs/adaptive_fps_track_aware_lstm/CarRacing_VarFramerate_fc_2.1_bud_180_04-08-13-39-42/info_settings.txt
Device: cpu
Navigation model path: experiments/navigation/CarRacing-v3__train__1__1785768450/final.pt
Navigation Model loaded on cpu
Navigation Model loaded on cpu
Navigation Model loaded on cpu
Navigation Model loaded on cpu
Navigation Model loaded on cpu
Navigation Model loaded on cpu
Navigation Model loaded on cpu
Navigation Model loaded on cpu
Navigation Model loaded on cpu
Navigation Model loaded on cpu
Navigation Model loaded on cpu
Navigation Model loaded on cpu
Navigation Model loaded on cpu
Navigation Model loaded on cpu
Navigation Model loaded on cpu
Navigation Model loaded on cpu
Navigation Model loaded on cpu
global_step=912 | return=-74.94 | steps=57 | track=cbad6de78f2e39eff00af0c811c00805
global_step=976 | return=-26.33 | steps=61 | track=dc35cfa557c5890a8b35d5c56cb770a6
global_step=1056 | return=8.45 | steps=66 | track=8e0459031a6905e47ce1acf7476d9bbe
global_step=1840 | return=-129.02 | steps=115 | track=206ebc51fc7f8f8eaf5aa7aed1356515
global_step=2096 | return=-160.66 | steps=131 | track=fab85295814adc6e6a780a22affafbde
global_step=2096 | return=-144.80 | steps=131 | track=fac7b8acc6062d0b57d0937abb32e8bf
global_step=2096 | return=-137.75 | steps=131 | track=0cd6aff8269bab82d2b9e08e29c9ef12
global_step=2096 | return=-141.13 | steps=131 | track=93104d49c18757571212903ba719e3f7
global_step=2096 | return=-147.13 | steps=131 | track=5afc99e0ad0f93985537cd808ce6f3f7
global_step=2096 | return=-144.80 | steps=131 | track=502f56cb9af29d0a352ca17fac7cdbf6
global_step=2096 | return=-161.74 | steps=131 | track=7e7bffa2c6eeb3086f05e900ed932109
global_step=2096 | return=-151.81 | steps=131 | track=12d263107c596ec9270cae5dcb3553dc
global_step=2096 | return=-138.03 | steps=131 | track=d91d1f6f2f296fb4a3e10677a1f70979
global_step=2128 | return=-160.02 | steps=133 | track=8d1188e9c4787bf8ee51cd86e0b24e79
global_step=2976 | return=27.87 | steps=70 | track=52e6f111c0233e3113b1fff9b0d157dd
global_step=3024 | return=-142.39 | steps=131 | track=194b1bf357a326147c73e176f4e40a44
global_step=3072 | return=-24.33 | steps=60 | track=6bb5b1fc773cb0333f50f77a9754bf85
global_step=3088 | return=-134.25 | steps=131 | track=296bce421c0172c81ce740ac3c3b60f4
global_step=3168 | return=-117.55 | steps=131 | track=7d27a5a6b0c0836193692f78b3129164
global_step=3184 | return=-11.62 | steps=67 | track=f8f7de7f19b8de0da454df79e631c77c
global_step=3664 | return=-103.44 | steps=229 | track=11de6a65d0748411b98dacdd93199c0a
global_step=3680 | return=-3.92 | steps=230 | track=d1066e90c90a4284fcabbacf920b008a
global_step=3856 | return=-45.02 | steps=51 | track=3f1d998daa02d3a6a9f49ad1f84ccd6f
global_step=4064 | return=-17.82 | steps=61 | track=a7949ae769f25992568290bf5cee1183
global_step=4192 | return=-146.53 | steps=130 | track=4eb732ce14aa1950701c365e5cdd7ced
global_step=4208 | return=-148.50 | steps=131 | track=cb688578aef1edb69dd20766be540e8d
global_step=4208 | return=-161.94 | steps=131 | track=bf37ec8476b244d820ff5081587c834a
global_step=4208 | return=-148.70 | steps=131 | track=ec65429c284b8e0197b5e55bd3d5630d
global_step=4240 | return=-144.80 | steps=131 | track=1cb1b17f0a059a88f9b6dd6204eecf09
global_step=4432 | return=-126.43 | steps=145 | track=9e8f4b8ceebe66bae8298d7e7c43dcf0
global_step=4720 | return=-123.25 | steps=163 | track=2a3b3bf470ba863b9019a4df7f889fa4
global_step=4784 | return=22.62 | steps=69 | track=fdd9b3dc8dc1eafa107f766f9d3fdae5
global_step=5040 | return=-142.36 | steps=128 | track=731dcf1e0016707e7dc19a0462c5f52f
global_step=5104 | return=-23.73 | steps=55 | track=4c4f54890e4453579bbe0f69e0e80fdc
global_step=5200 | return=-144.30 | steps=131 | track=121bcaa50e3a162f684395eeaa41d192
global_step=5280 | return=-144.09 | steps=131 | track=2b0284cafe267dbc8a45fcd0879e6ee1
global_step=5280 | return=-162.32 | steps=130 | track=db81488444a34f165191db9b8b0af4e0
global_step=5600 | return=-136.40 | steps=218 | track=82adce765bd703fc05d20a762bd10c8d
global_step=5680 | return=-57.49 | steps=91 | track=0e6f3789ae837fe47b52653764c2677a
global_step=5792 | return=-144.80 | steps=131 | track=d0a6e599cbfd43bff46e8fdccef7b728
global_step=5808 | return=7.30 | steps=67 | track=becc7f24aff2405dd300c8ea3d468a2c
global_step=5840 | return=-1.44 | steps=65 | track=64578b4fddd43d8abc435c66cd22c505
global_step=5968 | return=-141.58 | steps=131 | track=ece86cde8801ab667922f59d2d857d2c
global_step=6112 | return=14.36 | steps=66 | track=ea75e5f158c48fc70f693736b793ff27
global_step=6304 | return=-148.30 | steps=131 | track=f5afbbcc80ddd97bf5e269565b9731ee
global_step=6352 | return=-137.97 | steps=131 | track=af973745d54b07b7e9eaf60264e55617
global_step=6352 | return=30.19 | steps=66 | track=28496170b9dcdfce1bcabb6e1f6f7390
global_step=6448 | return=-2.46 | steps=148 | track=d33ca1f436b727e702a0116223679ae3
global_step=6528 | return=-133.04 | steps=130 | track=4b257115d49f6ddf1f575ed1b41861ad
global_step=6688 | return=-7.88 | steps=67 | track=e737d93b199e8481f055c7d871bb444d
global_step=7056 | return=-46.18 | steps=43 | track=6afda9fe3781e4eb41c4dca80dcc69f9
global_step=7216 | return=-139.81 | steps=131 | track=d1eb65e21613d88a1f4429af2b59dacc
global_step=7296 | return=-141.69 | steps=130 | track=91a1910f2f509dc91171dfb3f8c4af23
global_step=7392 | return=-167.60 | steps=131 | track=cb66d11dddc8159e4e8a49fe943adc36
global_step=7792 | return=-150.92 | steps=131 | track=fb35f0bc9404e1450603441ba4101b8f
global_step=7920 | return=-144.83 | steps=131 | track=c83b2be0464567fb10b0a44d41f6a0f5
global_step=7952 | return=-176.64 | steps=131 | track=c818801dd0cabd2d22a9987c77212fd3
global_step=8080 | return=-131.34 | steps=131 | track=1002b1a9e7de0a66b7e5b55992c4463e
global_step=8224 | return=-154.28 | steps=131 | track=d88d09c059da7820f4100f3e7f812fda
global_step=8384 | return=-89.78 | steps=161 | track=58167467b5d6abff59b154d05f0ec476
global_step=8544 | return=-151.60 | steps=136 | track=83ced034115614364f7c4686132cbbb9
global_step=8560 | return=-142.17 | steps=131 | track=b2d3b76ab58ec953064f109086e0c8c0
global_step=8640 | return=-132.49 | steps=131 | track=43e48ff014dacdd39bbb97fc5ca24294
global_step=8704 | return=-27.60 | steps=92 | track=0bea866af1388346797f03995e881114
global_step=8720 | return=-159.81 | steps=281 | track=6b359cb7162785678f05ca4870ceea1d
global_step=8736 | return=-106.70 | steps=89 | track=d61e216aa0511fdeeadbed8b6d91d895
global_step=8800 | return=-157.33 | steps=131 | track=9cbea1f237cc081c588b49e9976fa05a
global_step=8816 | return=-17.94 | steps=156 | track=48cefad9841cb9b8d73cd3ea88703080
global_step=8944 | return=-20.12 | steps=61 | track=04f7ba3ec8aca0069021ef6c3c013cae
global_step=9104 | return=-99.30 | steps=106 | track=3ec1af0fee45f74c1fa31ecca35c3526
global_step=9136 | return=-76.20 | steps=56 | track=32fe7a7cb6de29270bb0a0057a0b231d
global_step=9456 | return=-73.43 | steps=46 | track=5444412089871741de19eac9d1c17e52
global_step=9776 | return=-14.34 | steps=64 | track=2e51b3285441877b8fadd686d5ef78df
global_step=9888 | return=-108.72 | steps=130 | track=cacdab64eb5e1a9deb9accf396a37bf7
global_step=10032 | return=-143.61 | steps=131 | track=b8fe9bdbd81b0dabce16e9c9dfe8b92d
global_step=10176 | return=-3.55 | steps=66 | track=8320b9172000283f5e6eebe2d8e68a54
global_step=10192 | return=-139.85 | steps=131 | track=2d0ba829a8ccf7b638dd87cacef28d2e
global_step=10496 | return=-148.58 | steps=131 | track=321662fcbabf5a40ab15c67a27ae7718
global_step=10576 | return=-108.06 | steps=109 | track=3d45f1f7b2e0e656025d1881bc80c644
global_step=10592 | return=11.43 | steps=70 | track=2b84d513715dfdf364242551bafc73d3
global_step=10672 | return=-141.15 | steps=131 | track=58facef13a10dca287f78601e88269af
global_step=10896 | return=-159.92 | steps=130 | track=194c83b7c93703ac50f53b4df0d73f3b
global_step=11040 | return=-142.18 | steps=130 | track=03befd95dbf83f82a3f9392efea7e685
global_step=11248 | return=-8.75 | steps=66 | track=5e4148dd08ac4e897ad6bc270e8580ba
global_step=11344 | return=45.14 | steps=90 | track=56ca194ab6b2f06d951d1ca207e5cc22
global_step=11376 | return=-187.47 | steps=170 | track=a841709de9e50178efae4d4ea131738f
global_step=11424 | return=-84.75 | steps=142 | track=7304610f7cfd9e01a87a5f4a6c6ad557
global_step=11440 | return=-33.59 | steps=273 | track=8de101f1dfcdde97172f7eabaa12814f
global_step=11600 | return=-7.46 | steps=63 | track=2c0b0fa49f95bce3e0a157c6dfd88a21
global_step=11712 | return=-160.69 | steps=186 | track=33be7d29227b6abe8bcb2d47604ada64
global_step=11888 | return=-137.40 | steps=131 | track=7e924415faa0248d4151dbf978dc59b5
global_step=11952 | return=-53.85 | steps=43 | track=bf6e00f036a0db96c50e47f463ac6171
global_step=12064 | return=-11.94 | steps=219 | track=6298d9241702c0ed75d8209ef53b5040
global_step=12144 | return=-152.67 | steps=131 | track=91fd2cfae5864528b23aac81de6ac448
global_step=12288 | return=-174.22 | steps=130 | track=b9d45240266e39bf979ec7d0bef75dc2
global_step=12416 | return=-108.24 | steps=94 | track=dd1c1e8a59939f820456626a8ad698b3
global_step=12624 | return=17.48 | steps=63 | track=3c2f771a1077a0adbbefa4f36ccee38b
global_step=12688 | return=-138.32 | steps=130 | track=82bd4774181a10767838752bc3491b58
global_step=12768 | return=-152.80 | steps=130 | track=8521a91d5f79c71625a3d5dd59a5c383
global_step=12880 | return=-66.04 | steps=148 | track=a5b415c5d9158010ae7e7ac0c6c6775e
global_step=13168 | return=10.78 | steps=79 | track=051a27c190a0680226f5fb5ab1b3a89d
global_step=13184 | return=-76.22 | steps=69 | track=0a6d48356b0abd46bed93e6e12624bf6
global_step=13232 | return=-83.10 | steps=94 | track=488b82a4857071f9c1bdf1223b6ceefe
global_step=13456 | return=-142.09 | steps=131 | track=2a96669c1617d2cb50845b3c362fe705
global_step=13488 | return=-140.31 | steps=131 | track=cfbda6eb868f2eebc3bf577b25b32de2
global_step=13536 | return=-139.18 | steps=131 | track=3654139116837eb97be51562ce421614
global_step=13552 | return=-140.51 | steps=131 | track=ed63bc2788caa708bb8b83e1729eb242
global_step=13664 | return=5.82 | steps=64 | track=7d6d17546fa7f21f7dcdc05138ce339c
global_step=14064 | return=-137.80 | steps=131 | track=2893a2975b5dde95fa02e018b2590cca
global_step=14160 | return=-11.29 | steps=61 | track=ec30e82feed1d14062a638f83dca3db8
global_step=14256 | return=-135.54 | steps=131 | track=8c956082c6cc9ce6999a85daa0c06910
global_step=14304 | return=-23.58 | steps=69 | track=2f59f4a35da24ad23379144229f7e1e8
global_step=14400 | return=-109.34 | steps=131 | track=56e068a5e8c8aa13e8fc1648761cd025
global_step=14528 | return=-135.37 | steps=131 | track=994642d489b13b4361f9a58be26c6269
global_step=14576 | return=-28.93 | steps=63 | track=682b2e3d3467e722e3829dfeb2b6bebc
global_step=14624 | return=-14.57 | steps=67 | track=e4d94de70b52dce6e04392a97e2483c1
global_step=14800 | return=-164.25 | steps=131 | track=4a9807a60170c84512a679977ee3eab9
global_step=14976 | return=-173.45 | steps=130 | track=4a4e857db322628d6490c1db9117f08b
global_step=15104 | return=-153.23 | steps=253 | track=9b70c5ca7df93028b76284c0b1ac3acf
global_step=15248 | return=-68.56 | steps=154 | track=8587d1893ab47b71f8ffe3de592f7970
global_step=15248 | return=-67.68 | steps=44 | track=f58c621881933c6bff6afb18fda79b72
global_step=15360 | return=-6.79 | steps=65 | track=25679c4bef9d26ca2bfe5f8fd01c6ce3
global_step=15488 | return=-24.22 | steps=76 | track=4ff70d4059e6fd1c873b2544806d3e56
global_step=15552 | return=-143.98 | steps=144 | track=5ac6d703b5a307766f2f80806282c431
global_step=15584 | return=-142.76 | steps=130 | track=c0bbca9dccc5b8bf229d105408175b3c
global_step=15696 | return=8.47 | steps=66 | track=339632ca56e290b4bbad017b24ba2876
global_step=15760 | return=-149.45 | steps=130 | track=842f943d7553a014f3bb9ae7e37c41ec
global_step=15808 | return=-89.27 | steps=146 | track=2f14f67eecd9b8ea5cc6a3825f86bf40
global_step=16160 | return=-168.10 | steps=130 | track=8589f3fd08524ad72a693183c6e7ec91
global_step=16384, SPS=93
global_step=16688 | return=-145.13 | steps=131 | track=be3fc19e47976df95eca7659815d89fa
global_step=17088 | return=-158.48 | steps=131 | track=98bf88c933e7682dc6fd389b71066852
global_step=17216 | return=-86.20 | steps=101 | track=7ebc88a41f4e5dcc0a34036adb4c8ad1
global_step=17296 | return=-50.04 | steps=155 | track=d8f17dc39c6161a4f7a61a1b0dfebc13
global_step=17328 | return=-85.59 | steps=94 | track=c5edfeecf78bcbce4628a6f360fae05d
global_step=17360 | return=-143.38 | steps=131 | track=2062b10ad157125b6d13904042153c28
global_step=17392 | return=-127.68 | steps=142 | track=53fe43a02ed5087f314fdaf5c8a2d6cf
global_step=17472 | return=-140.71 | steps=131 | track=cd3dc81001921bdeed10cdb0582ff5d8
global_step=17536 | return=11.51 | steps=195 | track=67943a56f4abf5a7f52af20be4137422
global_step=17664 | return=-139.63 | steps=131 | track=32eff61fbb007fdeb581d562fb0641ba
global_step=17808 | return=-146.59 | steps=131 | track=f39fadf7df9e10d376a50d57af1b242e
global_step=17856 | return=-110.85 | steps=147 | track=ca07798c757d2e58efb9bd68f6c420a7
global_step=17968 | return=-147.56 | steps=137 | track=b6506fbe5494069bafa3fcdc55520215
global_step=18336 | return=-75.18 | steps=260 | track=4e7d921f11a854cdadc901891db2cf6c
global_step=18352 | return=-32.24 | steps=61 | track=2b0e533c31655bcf75aa1642362f62db
global_step=18496 | return=4.42 | steps=68 | track=b74fb1d30cdec3eb3f0deb577c3578ef
global_step=18512 | return=-58.40 | steps=146 | track=6c17a5566a30a6ee25e77b901b51701b
global_step=18688 | return=-58.85 | steps=44 | track=bd265b70b7ae65392af3e4e2a5ea3757
global_step=18784 | return=-157.07 | steps=130 | track=faa3b03e127524457623f4d4af2c5b36
global_step=19024 | return=179.75 | steps=84 | track=563a20caf1d070a13c6aed72cfe833d7
global_step=19328 | return=-149.15 | steps=131 | track=7eab2d9d5227927ccc2e35bcc6031270
global_step=19408 | return=-139.30 | steps=131 | track=4d62cd40d4e29baf7e9046fb4a4c48e0
global_step=19440 | return=-155.61 | steps=131 | track=53212f9a383c696ea8c525c1e865c1f0
global_step=19584 | return=-147.01 | steps=131 | track=0f29dbc794466c8f403d656b551e5e11
global_step=19648 | return=-153.31 | steps=131 | track=84168a869d44d7bb0c77a38f9ea0c0e3
global_step=19680 | return=-0.73 | steps=40 | track=ee4165ff7126dbdbee32caab546e8081
global_step=19968 | return=-149.11 | steps=131 | track=8898a09d16209b2311c602cc98aaf823
global_step=20064 | return=-148.58 | steps=300 | track=796f608fae162ca1805a215e1ffc85b6
global_step=20288 | return=-25.71 | steps=110 | track=c9e9d883e2535a5c67cd37dc6dca9939
global_step=20368 | return=26.28 | steps=64 | track=243be62aa7aefc0cee950282bce44561
global_step=20480 | return=-97.93 | steps=211 | track=3c2b20b5661481c3c5f27709aeae4381
global_step=20512 | return=-156.37 | steps=135 | track=a659e8bb8ffd0d13827b806d26eba1e1
global_step=20608 | return=-150.35 | steps=131 | track=46386d48ab9f38f75bc8b92cf20d3de4
global_step=20720 | return=21.63 | steps=70 | track=804d00c209fb1db1a3c8ea5ad78a189f
global_step=20800 | return=-150.30 | steps=131 | track=bdbc32e4f95d2ab22374f3ff0a93b44e
global_step=20896 | return=-143.47 | steps=131 | track=270f60fb4f5899a97f884ee8f0f6e256
global_step=20928 | return=-100.10 | steps=92 | track=b9bf4e455ce4fa2e9fcba084c7ee780f
global_step=21072 | return=13.17 | steps=68 | track=28a365694743c8e6590efcf246c8c8db
global_step=21344 | return=-111.54 | steps=220 | track=6c9a5279bd6cad82b189cca0e10b033f
global_step=21760 | return=-148.09 | steps=131 | track=a8ace9e0ae3c092f4c5b4d0eb1795f2e
global_step=21776 | return=-145.28 | steps=130 | track=92bec1d345a66f778f9287bb286d111f
global_step=21936 | return=-77.51 | steps=90 | track=66a19cea4aacac0e998be87222425129
global_step=22000 | return=4.59 | steps=66 | track=135c8e9b80ddcbd15340f8b451618e98
global_step=22176 | return=-152.59 | steps=131 | track=df682cf928f12297e149cae070642f9a
global_step=22176 | return=-217.29 | steps=238 | track=8ed8af3399a540e93d3bf232038d1b80
global_step=22400 | return=-146.10 | steps=131 | track=afea82c29d1768785c932c30495b85ec
global_step=22432 | return=-68.84 | steps=188 | track=f18a4914e44d8e96ee176f47f7c046dd
global_step=22464 | return=-146.90 | steps=130 | track=59b6ca781f3c82628b30b12fe5c30bca
global_step=22480 | return=35.81 | steps=70 | track=79039159cadca9f076ca5cf46857a38c
global_step=22544 | return=-71.79 | steps=47 | track=34aeb7037b86f6f92b4edeec3abd9c31
global_step=22624 | return=-152.49 | steps=131 | track=581987f3201ee3cbc52b4dd94921cc62
global_step=22656 | return=-122.46 | steps=109 | track=6825a1e2a7b396f44edcdb74aea188c4
global_step=22720 | return=-161.18 | steps=131 | track=a6bc6826a5c08215b4463af2d8194220
global_step=22816 | return=-161.27 | steps=130 | track=b869a6bd3a964f47e3df5809a6fd5ccf
global_step=22912 | return=-142.83 | steps=131 | track=fa72ff62d16951c70a1da11581fff6ee
global_step=22992 | return=-19.01 | steps=65 | track=1ad9802d2f0d1db7e877c955e86e3733
global_step=23104 | return=6.52 | steps=68 | track=37c46e800618377f91826472a588a825
global_step=23184 | return=-147.70 | steps=131 | track=d7c1696655ef6f2ba440bc644001c76e
global_step=23872 | return=-115.07 | steps=131 | track=ab9179361aaa1630b87a49073218e938
global_step=23936 | return=-37.97 | steps=75 | track=14f3a502784260a2e03cdb1b1e5ddb97
global_step=24272 | return=24.51 | steps=67 | track=167bed000f525a5d9b222dba18050a52
global_step=24288 | return=-142.47 | steps=131 | track=617989c1da2d73ced0eea790770fd534
global_step=24288 | return=-148.09 | steps=131 | track=2226de6fdd977efc704ebf780b020907
global_step=24416 | return=-119.03 | steps=109 | track=be1b29de78831af9430af4710320eddb
global_step=24448 | return=194.88 | steps=113 | track=c59c66f0f85f07d8d14596bae1e95d39
global_step=24464 | return=-29.37 | steps=84 | track=82cc29c374ca2cd087e9e2d2220fbb01
global_step=24512 | return=-149.91 | steps=131 | track=069ed5b39666c6c47819106de3a910e7
global_step=24560 | return=-140.81 | steps=130 | track=2f33c785809dc276b4d687268a9fab4f
global_step=24592 | return=-149.00 | steps=131 | track=ec8d05bf577b718c355aea87a92e042e
global_step=24624 | return=-116.60 | steps=101 | track=a3f5541da6104fb8320a2fe262dfcf98
global_step=24640 | return=-155.19 | steps=130 | track=2c7aa34fe953c0dd6411968e2339c926
global_step=24832 | return=-90.44 | steps=149 | track=b24d1089eaac10c958deaec008211bc2
global_step=24912 | return=-155.69 | steps=130 | track=72fdfb7bebd9e617873678b24287146e
global_step=25024 | return=-142.47 | steps=131 | track=99e4040ddf55196ef02ea0418fe27bc1
global_step=25040 | return=-31.71 | steps=68 | track=d5c7a32a0ea620ff887a67c15222abed
global_step=25616 | return=-118.60 | steps=108 | track=c908e215ea9178752f4bcd29f34512bb
global_step=25664 | return=16.58 | steps=68 | track=0af27b3c57ef23c7493c513555f44bf3
global_step=25680 | return=-77.15 | steps=76 | track=0127503b0e045254923376cfb1ad2c9c
global_step=26080 | return=-12.52 | steps=64 | track=39175b9d4920aed93a3da9103d13de92
global_step=26304 | return=-60.99 | steps=42 | track=66a09f19cbbe83daa731fdb25d672ebc
global_step=26368 | return=-152.94 | steps=130 | track=fbf5672d2f62f9c1b00b32672c3a5cb6
global_step=26400 | return=-155.00 | steps=131 | track=d68bf39c3d8f3fd298268f921aa001d1
global_step=26400 | return=-158.08 | steps=131 | track=88e547a5e4fbd524f9b069856200b7a3
global_step=26576 | return=-161.25 | steps=131 | track=2627c3e4d254caa4f655246d8648e0f0
global_step=26704 | return=-127.70 | steps=131 | track=27250468bf20f9430ed08d2a4505da6a
global_step=26736 | return=-138.99 | steps=130 | track=64403ec116dfb1596d17589f3526f808
global_step=26736 | return=-152.20 | steps=131 | track=b8a3b1f8b50335e08c7c040dee26c873
global_step=26944 | return=-150.13 | steps=131 | track=42fe9e552142a76bc7e056c0fdb9fc46
global_step=26944 | return=-33.55 | steps=78 | track=4fa3a6a438f3b886eb0494933ce22f39
global_step=27024 | return=-130.78 | steps=131 | track=de1777f8b3c896c22faac8976a09902f
global_step=27072 | return=-26.29 | steps=61 | track=390f1e6faafa0de087d43c09a86c64a4
global_step=27136 | return=-139.21 | steps=131 | track=e7dd47162d43fa44a681e62b6d50169f
global_step=27440 | return=10.33 | steps=70 | track=c9a40a7ab83602c40c863a40ec53f670
global_step=27488 | return=-6.47 | steps=67 | track=c5475759155f01a6cac33c688f73f537
global_step=27616 | return=-12.62 | steps=193 | track=38d17ebf0406f701c916fc0c9ccc7993
global_step=27712 | return=-54.89 | steps=60 | track=ebb71b504309b14f4705d1e9908b3ba8
global_step=27760 | return=-30.41 | steps=50 | track=a1b90779b4ec541389a6eecf1ad1109d
global_step=28064 | return=-66.84 | steps=84 | track=31d01fd612b092362f744d5dcb1c7eeb
global_step=28176 | return=-128.30 | steps=112 | track=ad838471baecaa4cfc9cbdd96c9dec1f
global_step=28240 | return=-148.49 | steps=160 | track=c1ed883db602bf4723257fc981c2c6ea
global_step=28496 | return=-39.76 | steps=48 | track=b63bdc6baa441456e02528b592b18b40
global_step=28512 | return=-140.63 | steps=131 | track=eff3b27e0632649aeaa3c1ba1ec01eb4
global_step=28688 | return=-155.68 | steps=131 | track=bf956a9701831dc6b6f749f388e0dd49
global_step=28848 | return=-147.61 | steps=131 | track=c7f441f2083be17fbbdf6b191280d74a
global_step=28912 | return=-120.44 | steps=110 | track=b1a12d033b3140c5e2ed0151679f8445
global_step=29056 | return=-203.39 | steps=289 | track=2b307cd0ccdc4688a739f9c50991515c
global_step=29056 | return=-155.53 | steps=131 | track=f55e0e787f68214f615ea7de64824649
global_step=29184 | return=-163.47 | steps=131 | track=8fa8dc1636dffad41aa42e0ab4acc132
global_step=29600 | return=-147.16 | steps=131 | track=3191b543a0204020ebd05637d0867023
global_step=29728 | return=-133.60 | steps=131 | track=13726bd9546d259eed28d8ea9c8dfb2e
global_step=29808 | return=108.07 | steps=147 | track=b6a2faec3ff53a9da9a8b2107077da21
global_step=29856 | return=-155.49 | steps=130 | track=c2f188b7f536055f00f5fd74b0702fec
global_step=30144 | return=-143.11 | steps=122 | track=d3920516c304c0dcb8620e822e4fc722
global_step=30336 | return=-145.48 | steps=130 | track=d3d97c66afe5022dec63dad84b24a947
global_step=30368 | return=-118.74 | steps=208 | track=a138c8ac5824d0fa858532f77f974f1e
global_step=30416 | return=-65.14 | steps=146 | track=0d68290b3bb6501d4cfc668e7886f850
global_step=30608 | return=-146.15 | steps=131 | track=dedb79364c8bbbcc4343f620aa668330
global_step=30624 | return=-142.23 | steps=131 | track=99cee10536372dcee37d3b49df707f6d
global_step=30736 | return=-78.57 | steps=62 | track=37b6eedc0062e79bbadc5cd94d3903df
global_step=30784 | return=-180.12 | steps=130 | track=45684f49c97821e044cc6b4b8afe7df4
global_step=30944 | return=-79.50 | steps=109 | track=43f2bf2bd049360303c6b001341b5881
global_step=30960 | return=-145.03 | steps=131 | track=568648911d5d23723a8142461fed319a
global_step=31024 | return=-148.20 | steps=131 | track=697a4b65347fc02aec085954f3936249
global_step=31152 | return=153.91 | steps=80 | track=da3bad13ae953a1b610b430e5254e492
global_step=31168 | return=-138.19 | steps=131 | track=343581c43c75711efbbb5809ff01a7e3
global_step=31456 | return=-116.76 | steps=149 | track=1beafa6b813eff727a3aaa7b99848f39
global_step=31488 | return=5.67 | steps=66 | track=bb54893b80f1382481c17b03e7b3f9ce
global_step=31888 | return=-98.62 | steps=142 | track=2753aecaaf4e5559fc6d9fc58f5a615b
global_step=32144 | return=-62.43 | steps=60 | track=d7f50a597420405b3d8bf367ed6b8108
global_step=32256 | return=-144.33 | steps=131 | track=69b50645c53a26556cef187762dc631f
global_step=32288 | return=-100.58 | steps=96 | track=5cf10e727e0b79a0ae20c19412d6de77
global_step=32464 | return=-140.87 | steps=132 | track=044bb242c7ca7989f667506fa78843bc
global_step=32464 | return=-144.24 | steps=130 | track=7505ddfbd1af7b4c9b82d131f457f53f
global_step=32720 | return=-149.44 | steps=131 | track=73ac3d1039b588606543e956ab011905
global_step=32736 | return=-147.81 | steps=131 | track=94b93498ec9849eb0260176501a4087c
global_step=32768, SPS=87
global_step=32896 | return=-150.39 | steps=131 | track=167445ee343a9c880b2b861eca496b2c
global_step=33056 | return=-156.07 | steps=131 | track=b4da991927bc9f58269ae825eb896024
global_step=33072 | return=-149.71 | steps=131 | track=ac69cb9d759726c06cc2212a68a93ccc
global_step=33136 | return=-138.79 | steps=131 | track=9377e7ad51fe472528ccbb88ba7eb633
global_step=33264 | return=-140.51 | steps=131 | track=c920476a8f99f98b5417636d1fa68999
global_step=33952 | return=-100.89 | steps=155 | track=fde7a4ec08d3bebf8b40cb166369ce34
global_step=34000 | return=-259.59 | steps=261 | track=61043f092cffd00fb566770195b9db0a
global_step=34128 | return=-18.97 | steps=61 | track=c43838c11c9778a70d894173f799fd37
global_step=34144 | return=58.10 | steps=67 | track=660ce9c11c43d6862f49072b1284da7b
global_step=34256 | return=-140.65 | steps=131 | track=5c696fe83e1dbbbf18951e48629b955d
global_step=34368 | return=-138.21 | steps=131 | track=2c7e1d4bf5e0cd2864d6b23dc26e56e3
global_step=34400 | return=-139.48 | steps=131 | track=1c17bd9adc06fbea98ce4c1020f4fcfd
global_step=34816 | return=-167.10 | steps=130 | track=bd23c519f7277285b3b69f842e1988e0
global_step=34848 | return=-120.37 | steps=131 | track=dc497ed18bb50f8f6e1d42608237dfcf
global_step=35072 | return=-125.98 | steps=162 | track=4448a43e41e2bf759b73ddf117d51c79
global_step=35168 | return=-139.80 | steps=130 | track=dfa0dc87ca8d96a10ee653badec7632d
global_step=35344 | return=-81.08 | steps=152 | track=2c5602778e28d61b2e6e4d3fcdcad9d8
global_step=35440 | return=-59.76 | steps=66 | track=03c25e8d01e19f6b66d89c3e8c75f8da
global_step=35744 | return=-106.58 | steps=204 | track=35aa1b67cdb69a03e91fe5164b7cf115
global_step=35888 | return=-93.82 | steps=44 | track=a3542d42a3b3714014929e96b2531090
global_step=35936 | return=-59.93 | steps=95 | track=489a66863336f670fcc6dbb51342bd60
global_step=36224 | return=-118.80 | steps=130 | track=1f558d1708346fca61bb807cb83b5590
global_step=36256 | return=-105.17 | steps=143 | track=1085f15207e4ee53db7e0d19c3f34d63
global_step=36256 | return=-155.53 | steps=131 | track=84ea6c8e6dba023aca4a7b36ad892477
global_step=36288 | return=-71.05 | steps=274 | track=4a3792a98371564d8dc25b49d49085af
global_step=36368 | return=-155.21 | steps=131 | track=a45e5379d6da8852b143c9c01f81cc5f
global_step=36512 | return=23.13 | steps=66 | track=c7a5239b1d2547f65b987193060178c5
global_step=36848 | return=51.96 | steps=177 | track=b2651c4fc8b497fbf74d4cec9521bc3f
global_step=36928 | return=-147.58 | steps=131 | track=f495c6cda83a7d7ab25251abf2e95542
global_step=36960 | return=-139.56 | steps=131 | track=04367d2fc46919470150e27ee862e26f
global_step=37024 | return=-67.42 | steps=47 | track=38748f05a64b07eaef318b1eb84cf65a
global_step=37552 | return=-3.27 | steps=78 | track=b46bb419110196766c488fd9c2d3f22e
global_step=37664 | return=-115.27 | steps=107 | track=db62eafcb31ab26cc3bb013b933ee359
global_step=37776 | return=-63.96 | steps=151 | track=dce8b155fd171db96a58601de095c3a6
global_step=37792 | return=-72.12 | steps=118 | track=8e93cf814a849bcf7742fb80be6b0be5
global_step=37856 | return=-145.35 | steps=131 | track=0ec693cf307dc23c2ef2bf9ab4b63246
global_step=37968 | return=-150.04 | steps=180 | track=cf6a4696c625ab7dfaa1e7c529646666
global_step=38336 | return=-145.78 | steps=131 | track=872ae2e7561d32501f0597a784061e01
global_step=38480 | return=-153.20 | steps=131 | track=7a3eff37aa2256e3f30cdc525e073f0b
global_step=38608 | return=-104.18 | steps=146 | track=2d21e5059f1a694796e6fe32dd03131a
global_step=38800 | return=-266.49 | steps=345 | track=265803fde554ee5150f2850c1299a65a
global_step=38944 | return=-145.25 | steps=130 | track=c79d957496effff2e5ce7374ea55c738
global_step=38944 | return=-34.07 | steps=151 | track=2ddfaea962692c717a56dd2fa646a154
global_step=39008 | return=20.81 | steps=76 | track=3dcbcc790436b3915795246205e933fb
global_step=39024 | return=-133.58 | steps=130 | track=42dedb8e3647d966f731acdb18a94ab6
global_step=39024 | return=9.07 | steps=72 | track=5c4346576a6870dd5e2ee0a3e2b63e60
global_step=39072 | return=-171.26 | steps=131 | track=50bba504bf5f8f7ad9b47a9b6b25da81
global_step=39136 | return=-146.10 | steps=131 | track=bf24c49f3872f3503dbc6bbfa3b0a1fe
global_step=39472 | return=-114.75 | steps=498 | track=3724f59eef365eaa0a17548fda6eb134
global_step=39680 | return=-140.17 | steps=117 | track=39fe8760a94e85539820bd647ee18128
global_step=39696 | return=11.57 | steps=67 | track=aebd261320cab960a33537d17659cfb1
global_step=39712 | return=-63.25 | steps=47 | track=2e18b1332c434a086583c5da238a8ed9
global_step=39760 | return=-145.19 | steps=130 | track=d6d863098532cb760cdf89fdfbe8c018
global_step=39808 | return=-70.66 | steps=48 | track=4173b1a0a485aa0a9d2d0c72c3516f23
global_step=40064 | return=-25.56 | steps=61 | track=da6b4e26905db5ab6629c31d4adff8de
global_step=40080 | return=-152.49 | steps=131 | track=c5f7ba4975ad710f93efab0f1a883929
global_step=40576 | return=-137.53 | steps=130 | track=9fc6d3f243c5b20153a69c5ebf5234f0
global_step=40960 | return=-196.26 | steps=212 | track=37f3a3c712373d2876f3689618dc241d
global_step=41104 | return=-12.12 | steps=64 | track=3b70afee08df893204c72dee0988c177
global_step=41104 | return=-87.62 | steps=130 | track=2c90bd998e8565ca0957de1ff3ec27c3
global_step=41136 | return=-155.61 | steps=131 | track=a15c82d1bf0e1e87254ab51940089602
global_step=41248 | return=-156.98 | steps=131 | track=a789556fd793b3fcd1f30ac4f0f4e9f5
global_step=41312 | return=-69.42 | steps=147 | track=0592241fd2ec736b74d98605c5384adb
global_step=41376 | return=-131.73 | steps=160 | track=91ccfea169dfea2ede15534456da238c
global_step=41584 | return=-137.80 | steps=131 | track=1a586d0a31cbe8b63dcfd12d7856b3fc
global_step=41776 | return=-131.68 | steps=122 | track=1daa6e522634b725a47d3732c8ab3917
global_step=41792 | return=-153.73 | steps=131 | track=a53f4b662783cadc4fb802a9edde1027
global_step=41808 | return=-147.34 | steps=131 | track=5e2ef4259e5ca52c5e8b1353c7580060
global_step=41824 | return=-140.51 | steps=131 | track=7e012ff5bbbc77b75902dda77aa03540
global_step=41904 | return=-200.10 | steps=222 | track=788deaee3a3ed4af06e7f914167eb11f
global_step=41968 | return=-22.55 | steps=62 | track=e123099e562efcc416be2b44761ef0cd
global_step=42112 | return=-134.88 | steps=146 | track=cb005d01cff2c9e27808145b7b0749d6
global_step=42128 | return=-81.39 | steps=61 | track=b8eadfde25188b446ce96f2d1628dc94
global_step=42192 | return=-145.48 | steps=131 | track=4d0ea84d0aeaa2001a5751fd92a1fb50
global_step=42592 | return=17.95 | steps=83 | track=11ec1b195d52a46d3a54f32f08144b4c
global_step=42640 | return=-104.53 | steps=95 | track=66fc2045dc15f1642a2696c00b76c89d
global_step=42688 | return=-140.48 | steps=131 | track=06e3301ee3bf9ed9dae0eecf01491f4d
global_step=43072 | return=10.97 | steps=68 | track=72e9c779ecab92c9e32dc69314d18dd8
global_step=43216 | return=-140.31 | steps=131 | track=58ae14aedb04b6d981b17b545d027bf8
global_step=43328 | return=7.15 | steps=70 | track=d88b7dedd94def17f6d20945bd3de727
global_step=43424 | return=-141.76 | steps=131 | track=2313dcb854725a7c5eb0f94cd4a833fb
global_step=43488 | return=-151.32 | steps=131 | track=a17929e9f849a0d9771ac0f443505914
global_step=43568 | return=-139.99 | steps=123 | track=69c0c870d12ee38fbd266873099d11ea
global_step=43904 | return=-68.34 | steps=131 | track=0f4c71d69bf7f2e867095637411af446
global_step=43936 | return=-144.30 | steps=131 | track=02e66c7e723e91d23beff9869ae70a03
global_step=44160 | return=-76.80 | steps=146 | track=f88e41cd6b52fce7fbeba8d896d42d1d
global_step=44208 | return=-123.24 | steps=143 | track=8237e9470c1e9a91a537351878accb6e
global_step=44240 | return=-153.02 | steps=131 | track=de06bdb06072f975b85c6ea5d6b6b92d
global_step=44304 | return=-63.68 | steps=60 | track=3883d063cf3e85832e005f73338b899f
global_step=44368 | return=-40.07 | steps=54 | track=94ef522236bdfed2ecc8aa3cba18aa41
global_step=44704 | return=-145.96 | steps=131 | track=4c4974109e0658c33fee606afa3f9445
global_step=44736 | return=-153.57 | steps=184 | track=088b9b0fdafe0250bfdbcc8d3d14b888
global_step=44752 | return=-134.28 | steps=131 | track=97c4ed265446d912aa8d04f278410b3b
global_step=44784 | return=-143.62 | steps=130 | track=4536253bac7ee76fa6adceb017f3df04
global_step=44928 | return=-61.41 | steps=47 | track=16b318c5edc27eb36baea3f020ddd801
global_step=45328 | return=-146.59 | steps=131 | track=e2abc280ebfa7a836e7b953119a8ea84
global_step=45536 | return=-140.03 | steps=131 | track=e13b3b59d267f64b4ef077b216021692
global_step=45792 | return=-30.62 | steps=62 | track=f76581e001a6cda3ff2249bc58b96e49
global_step=45888 | return=10.80 | steps=70 | track=4c7471a1d2da9bcac67b3530ad667e0a
global_step=45936 | return=-154.48 | steps=147 | track=bbdb098bbf9c9579e697c2d09eeccb4e
global_step=45936 | return=-235.56 | steps=238 | track=882bd25eadb7b5cc9bc3be18f71cb81f
global_step=46000 | return=-126.21 | steps=109 | track=7009784a1228738c45d138153a6a26df
global_step=46016 | return=-129.34 | steps=131 | track=7af90781da08d6ed438297e00454a083
global_step=46016 | return=-90.64 | steps=67 | track=1da07700a9135281523723ab61bf2cbb
global_step=46160 | return=-94.43 | steps=90 | track=214674d24e04cc51997f062e84d67de3
global_step=46320 | return=-158.31 | steps=131 | track=4d71a528ac7d989b751a6a7c3631ac95
global_step=46688 | return=-119.18 | steps=144 | track=4d2d54b999d87e2f10e17519a7a90e3e
global_step=46832 | return=-136.37 | steps=130 | track=4582d9b5912c0b57a27976cc378676aa
global_step=46896 | return=-112.03 | steps=97 | track=797303c46e62907977a0290392f8f9b4
global_step=46976 | return=-12.96 | steps=64 | track=5d58743915f560dece65934b6f16b03f
global_step=47152 | return=-18.23 | steps=61 | track=16daa21c08142c686dadb69a94a6cfde
global_step=47232 | return=-17.06 | steps=56 | track=e3f5b3a13eeb1de6779b74c15cfa362f
global_step=47248 | return=-146.49 | steps=183 | track=759e4ec5476d6fff30eec71515d27ef1
global_step=47632 | return=-145.19 | steps=130 | track=11c6fcb18784dee533c2224ba6f9d6a2
global_step=47904 | return=-141.40 | steps=131 | track=3919390b864af26588c02ec77f6cd7cb
global_step=48000 | return=-162.73 | steps=131 | track=2b925c1fea6fbe1fe890ec7fc00f6c5e
global_step=48064 | return=-32.49 | steps=132 | track=450ea73509df104808fc83656c047556
global_step=48112 | return=-140.60 | steps=131 | track=edec8ff10755d561f758e069a15db1fd
global_step=48128 | return=-123.30 | steps=131 | track=15e28e019fe89836f798475bfc4cc8e1
global_step=48128 | return=-148.53 | steps=131 | track=7c393be470d985a0ab062f963d989177
global_step=48288 | return=112.09 | steps=325 | track=a35317c8d11fbc7daad75deba0c00ae2
global_step=48576 | return=-102.33 | steps=41 | track=6de394e6066a550948bd5bea09bdd309
global_step=48608 | return=-245.33 | steps=291 | track=62c12d13410837947f20977e38bb6757
global_step=48800 | return=9.36 | steps=72 | track=917d93a3fd72c2dd33c77b684e353755
global_step=48864 | return=-69.89 | steps=53 | track=37bb43d71040b52d0e41022c53743c88
global_step=48944 | return=-140.38 | steps=131 | track=1689e8abbfa975be67baaa18ad1f3d4a
global_step=49088 | return=-144.10 | steps=131 | track=ed6b291cbe8101dc31fe66dd31804e22
global_step=49152, SPS=82
global_step=49264 | return=-102.30 | steps=131 | track=0f901c2e65cb5c713782411fd9180c40
global_step=49296 | return=-39.39 | steps=72 | track=470fe90105a51900cb70780a8011798e
global_step=49328 | return=-151.07 | steps=130 | track=2e7b48d79c7f6615f3deb549025cc1c8
global_step=49360 | return=-116.43 | steps=131 | track=7753bf40e09758882839dd9b963a33b9
global_step=49456 | return=-31.41 | steps=82 | track=0768bd571e6db3de87f6717e6762d963
global_step=49488 | return=-107.60 | steps=174 | track=b4d49f093f46fe6b2cae53697c1c7f33
global_step=49808 | return=-85.02 | steps=94 | track=0b63998d3dc4aa23c4b6cb0ae807f8a3
global_step=49872 | return=9.50 | steps=66 | track=c48a90dae6b1e6e9ed64826b940eb2d4
global_step=50144 | return=-92.40 | steps=95 | track=e16793ce7e909f02d7f3ef452d31423b
global_step=50176 | return=-150.19 | steps=131 | track=ea4af542b1f82b2bb7c0d6c865ce4554
global_step=50208 | return=11.08 | steps=69 | track=be321db54f5d703262cf7de177de7cfc
global_step=50224 | return=-125.70 | steps=131 | track=3559dbe84c966f88fdafe29463d5b4b1
global_step=50256 | return=-19.04 | steps=61 | track=719693e61849afc9d7bffa33dd02951b
global_step=50448 | return=-14.47 | steps=67 | track=a1b3211a234363f8f27af051b1a14402
global_step=50672 | return=-157.40 | steps=130 | track=104f67fbe9140ee20f03468f9e7cb7f4
global_step=50784 | return=-48.04 | steps=82 | track=6489b5fa92e2c334cccd6f46c4cce29d
global_step=50928 | return=-112.87 | steps=89 | track=f17106438e26478ce1613ae85c421b00
global_step=51056 | return=-159.90 | steps=131 | track=febfb3f364769070763afa1d2f45a52f
global_step=51216 | return=-16.79 | steps=66 | track=fc69c065eeeba2553e6e792d5fc352ee
global_step=51648 | return=-112.58 | steps=144 | track=1b365d356e3436e784a86ef31220b69d
global_step=51696 | return=-19.13 | steps=63 | track=e70f915a7399f3558617681d727cd0cb
global_step=51808 | return=-100.34 | steps=183 | track=dfaa8dd81e97ede59b29bb35be7f9647
global_step=51920 | return=-157.95 | steps=131 | track=fce06fab46a14bb0f9698b9ade50e799
global_step=51936 | return=-75.69 | steps=164 | track=2a818ae75daf0bfbb6558588be74de28
global_step=52080 | return=-116.38 | steps=101 | track=d8a0c0cb0f6101e02e56b6b487806d42
global_step=52240 | return=-156.08 | steps=333 | track=b3e3630146c9b2ada23df413feade11c
global_step=52288 | return=-151.87 | steps=131 | track=82ea91ecb4c49a55008709d4f2d76202
global_step=52320 | return=-139.56 | steps=131 | track=e091ac459b2a9b6dec15fca7eb80e2c0
global_step=52336 | return=-158.71 | steps=131 | track=7fe1653f39d5057086ef7da842def29d
global_step=52528 | return=169.27 | steps=141 | track=928d35a24db8f93dc6eec55233582a5e
global_step=52560 | return=-55.21 | steps=56 | track=421d2ba98592ff16707806d513f7096a
global_step=52896 | return=-146.11 | steps=131 | track=b4431a01959452652ce9f7aa21b93457
global_step=53040 | return=-140.91 | steps=131 | track=2842276475a88a53179f6d2308b2940f
global_step=53056 | return=-107.68 | steps=77 | track=a9a5550d4c3f8529ef8ac1ecb1e1714f
global_step=53072 | return=2.21 | steps=45 | track=beac897bd5860d831a7c9f75d714f75e
global_step=53152 | return=-113.94 | steps=130 | track=ff9bc57c4e090280e8507b29d6693cbd
global_step=53376 | return=17.14 | steps=70 | track=e8b381e2aef0f401969d628d5dbf1be2
global_step=53760 | return=-49.58 | steps=74 | track=2d5337e41d0709b241d46f96fe5c69cd
global_step=53808 | return=-172.99 | steps=131 | track=23c2ffb3fdb442475083639ec60b8228
global_step=54112 | return=129.68 | steps=136 | track=f2a0f4fd15753c94cb3f4ef2659a86d1
global_step=54192 | return=-146.37 | steps=131 | track=416cf41ba99398da4a297fca06d0fef7
global_step=54400 | return=-145.48 | steps=131 | track=1568be5a94a240d8850221d8f4385691
global_step=54640 | return=-147.34 | steps=131 | track=a39b23ba756e0b633e6f04109a5b0e22
global_step=54912 | return=25.84 | steps=68 | track=a83f4c1ca10b5b2419ade6808e19edf9
global_step=55008 | return=-148.20 | steps=131 | track=3ea68dc33b96b211a6e90e4f009bec6e
global_step=55152 | return=-155.07 | steps=131 | track=edc626f496770a10547ea1e23ae19517
global_step=55168 | return=-129.60 | steps=131 | track=49344e95bc5cdc4cf57eda3a9e47aaf1
global_step=55168 | return=-176.82 | steps=130 | track=46f7c68a555ffdfbb2c1789b6bd5d5ba
global_step=55232 | return=0.84 | steps=69 | track=89d6e16df8dee93bf53cff25e5e507db
global_step=55264 | return=-149.91 | steps=131 | track=e3e84197e9057570f445fdf5efcc8c4c
global_step=55344 | return=-210.51 | steps=257 | track=78cdcbf82704227ed1a749200459fc69
global_step=55488 | return=-132.18 | steps=131 | track=f78cd43dea3783f47f703a3a84282db2
global_step=55632 | return=-223.18 | steps=359 | track=6b8e223fb9ad79b77093f99bca899ba1
global_step=55728 | return=-95.84 | steps=95 | track=7804d263b5950592f494a35213f62390
global_step=55872 | return=-137.40 | steps=131 | track=0132482345aafd2858940b0438e88442
global_step=56064 | return=-113.23 | steps=233 | track=9eaa4f0d39dbc0f2955b5600b86e1508
global_step=56080 | return=-57.10 | steps=57 | track=171aa0828217d6f6a7bf6417803c37cd
global_step=56112 | return=-45.23 | steps=58 | track=ee0c682a7e5fbfc83ee45ab6e1e305bf
global_step=56224 | return=-75.78 | steps=45 | track=e90b5e3b218f45edfb3537e7a93470f7
global_step=56352 | return=23.71 | steps=69 | track=4cda7e91c7c9ca37b2b00524a441b2aa
global_step=56512 | return=-148.20 | steps=131 | track=dbc022aef37b268eefa74f8f860fa14e
global_step=56656 | return=-14.50 | steps=125 | track=3ec661d526da06de8e3e201b32509eb0
global_step=56752 | return=-90.30 | steps=92 | track=5178f6c77bf27f3be2a730db783beac3
global_step=57024 | return=-145.35 | steps=131 | track=9fcf8932ee2a54027da521a8fa8a9b42
global_step=57104 | return=-148.63 | steps=130 | track=7b00da0f2dd446156ab8fa3a9dd551ba
global_step=57120 | return=-56.58 | steps=65 | track=5eba3618d6739be24ce0e424af0b8fe1
global_step=57280 | return=-116.08 | steps=131 | track=d54e072ebadd6e7f084394d5adb9356f
global_step=57504 | return=-81.70 | steps=110 | track=4b4c677150d2edf17b8bd8f473c2ef21
global_step=57664 | return=-74.19 | steps=62 | track=03e93667f899c1fef6b0f6deb0f6ef05
global_step=57680 | return=-126.81 | steps=145 | track=521db47485bf63065b9cde54fd4a9b9a
global_step=57776 | return=-6.02 | steps=63 | track=03dbc14e90adfd00ec352a2cc51ea890
global_step=57968 | return=-160.85 | steps=130 | track=b49973163eac0d337de64f412b98ce20
global_step=57984 | return=-103.23 | steps=146 | track=08f037b16d7915bdea57f17274a7bdfa
global_step=58192 | return=-149.34 | steps=131 | track=fa4e62eb46095f97cc2039af1e2e0940
global_step=58208 | return=-158.30 | steps=130 | track=3c24ffbd8f6c5392a1a9fe9c5eccec2c
global_step=58336 | return=-140.55 | steps=131 | track=2feca8d1b7d62f91db9defdfabbe9b3d
global_step=58416 | return=-263.74 | steps=404 | track=b645723a418301d6841f317c7441a65b
global_step=58464 | return=-157.53 | steps=131 | track=eaa9bf4fa0e1d8a51f37caf966e6a1ee
global_step=58608 | return=-165.64 | steps=130 | track=c3ea83093a8f6ef46e40f69b91321454
global_step=58832 | return=-112.31 | steps=96 | track=383f860599abbde2c74847df4f9a2172
global_step=59120 | return=-156.20 | steps=130 | track=2dfa7b39010855117cde1fcc82d8d780
global_step=59232 | return=-145.90 | steps=131 | track=3481b21bbbedc24ae4b1fc19a4b5e6f9
global_step=59376 | return=-116.18 | steps=141 | track=b1ef53a5f32d949c5e08f03ebc7afb03
global_step=59616 | return=-143.04 | steps=131 | track=b5defac1867863225829a3c9dec318c5
global_step=59776 | return=-144.57 | steps=131 | track=e025e4be0f1b30e4caac3e507eaa1d95
global_step=59792 | return=-149.22 | steps=131 | track=97d26b94d310fb34f29a2765c068ae08
global_step=59888 | return=-146.90 | steps=131 | track=5cd2d29a0ec08b3fa6386cee6e6d06e7
global_step=59888 | return=-38.06 | steps=118 | track=4ffcab876edc46ae88947720e593dc3b
global_step=59952 | return=-68.43 | steps=92 | track=cd616932796649008e96f6270566732b
global_step=59968 | return=25.21 | steps=70 | track=fd1a92798498bb8c79bfcc95ab8dab48
global_step=60080 | return=-153.91 | steps=131 | track=cac3de835772e94b67fe44a021a83218
global_step=60192 | return=-65.00 | steps=110 | track=6fe525d88b48bc5b0724fdcc00b5e8f9
global_step=60304 | return=-142.20 | steps=131 | track=ee79d19f9a3f42844e59e220511ac0d7
global_step=60320 | return=-139.85 | steps=131 | track=128cdedb6b31e2c3495ae0e997a574e8
global_step=60368 | return=-26.80 | steps=61 | track=c808511162bc9eb78508cad6e22324b8
global_step=60448 | return=-151.78 | steps=131 | track=c7521697b96511c67f878f5214a4c7e8
global_step=60784 | return=-62.60 | steps=103 | track=32844f8b7bfd59b329a3eff4c75b1e74
global_step=60912 | return=15.38 | steps=69 | track=657221b734ce0edbefbf2a79f43c9dcb
global_step=60912 | return=-51.16 | steps=63 | track=b992ff236878803df7b2c1dc02f3bacd
global_step=60992 | return=20.41 | steps=63 | track=4d2e4190e701e24b0409e577c53b8588
global_step=61264 | return=-15.00 | steps=66 | track=f2e67fe2a44a608c0c61cd96aac53f73
global_step=61344 | return=-138.53 | steps=131 | track=342e6909b4a75dddb828f624c6846a33
global_step=61440 | return=-24.21 | steps=61 | track=bbe853b33aa71484784e9691720d8684
global_step=61456 | return=25.78 | steps=67 | track=bcbb97a79d04a2343969ee3ec5a089ab
global_step=61696 | return=-12.19 | steps=48 | track=36fa0a5367acb20e755cc08a426c73ed
global_step=61728 | return=-152.78 | steps=131 | track=90140ccbcd0121aa3fdf0d7ac6467660
global_step=61888 | return=-91.76 | steps=131 | track=ca8f9af87af6a416a4e5705844ecf067
global_step=61936 | return=-43.76 | steps=71 | track=fbd4b2ea192c3920c804fcddcb97082f
global_step=62000 | return=-142.40 | steps=131 | track=124c8f6de3beb8dc548bcef7cc6cdd52
global_step=62064 | return=-123.59 | steps=215 | track=2691080938047e5734537a92d22cfaf6
global_step=62064 | return=-137.56 | steps=131 | track=048869d0e4f1ae1f183e9393724acd08
global_step=62080 | return=-38.02 | steps=45 | track=0a66d8f90cef323d4624ff1079c4024a
global_step=62192 | return=-137.64 | steps=131 | track=ec48f1740e9ca0bfa60616106c45d21a
global_step=62416 | return=-148.06 | steps=131 | track=8cc0ba18fae55f470c9d14f8e399c091
global_step=62432 | return=-152.01 | steps=131 | track=6a7b767143d13e2899755f456c62b214
global_step=62704 | return=-63.28 | steps=47 | track=a8fe76c94978f4d90a6cc2a71f7568ef
global_step=62752 | return=-82.09 | steps=65 | track=8235de5d0b4f2798bee893f40db2459c
global_step=63024 | return=-143.86 | steps=131 | track=0ac2416218ec4350d6857cc3eaaa0729
global_step=63056 | return=-3.77 | steps=61 | track=dda2c72cca0cf346c66b87f09c18b5c5
global_step=63088 | return=-148.80 | steps=130 | track=a782f008cc4a7bbdc3a334fdf92ad0c0
global_step=63376 | return=-141.28 | steps=131 | track=0ce346c1c1256aa4951142cbb092b270
global_step=63552 | return=0.70 | steps=84 | track=37fe88ea5bc4172239c0912572b499a8
global_step=63568 | return=-173.59 | steps=131 | track=6f51848a8785465aaebe81d3f007b453
global_step=63840 | return=-149.89 | steps=131 | track=2d88e69f2997553ed3a920d81e55d06a
global_step=63856 | return=-112.28 | steps=89 | track=dd3e1d51d99c5db0144dfe248bd88cd5
global_step=63984 | return=-134.10 | steps=130 | track=ee59a7571697eebcfcd78902ba45798c
global_step=64176 | return=-148.50 | steps=131 | track=ed113c48de90777d555585ea83744a07
global_step=64192 | return=-152.90 | steps=131 | track=673550fda32dda857656fd69cb98782e
global_step=64432 | return=-132.08 | steps=124 | track=e230cd11e1f8b453799276cf852d9599
global_step=64448 | return=-65.79 | steps=152 | track=1b43762a225560304cd6d9a2835034db
global_step=64800 | return=-88.43 | steps=38 | track=d828042b6c05ae254e4b4b7265d62f52
global_step=64816 | return=-146.60 | steps=131 | track=fcf36e23510e2d366529c4b52fed4596
global_step=64848 | return=-58.53 | steps=80 | track=148c35de8530aa752a802f46ea1a6aae
global_step=64864 | return=-147.41 | steps=131 | track=f157bed606df2e7e313169c2b91bb5b7
global_step=64912 | return=31.32 | steps=65 | track=2748e13fdde1718567aecb0e392cda8f
global_step=64944 | return=-133.87 | steps=218 | track=9ff119089b580eee1e40f0e789b3fd1a
global_step=65408 | return=-87.70 | steps=146 | track=f677ba2887b6d32499abe00a6efd7b59
global_step=65440 | return=-113.44 | steps=146 | track=1ce20a2cbc7e2a30ba43ffedaeb3dba9
global_step=65488 | return=-140.31 | steps=131 | track=61907e56e7b4877ab019cc3351fcf188
global_step=65536, SPS=79
global_step=65680 | return=-148.69 | steps=131 | track=beb9638bf9816512ff5fd5fb7c63759c
global_step=65712 | return=-47.59 | steps=167 | track=e7b3b81bcfdc5100d0d27e062623e91c
global_step=65728 | return=-40.97 | steps=48 | track=e29cf03393bfccfc4ceb1e47ba3db38c
global_step=65760 | return=-64.24 | steps=119 | track=64642fef2689cfe78669ae0d39a8820b
global_step=65856 | return=-21.83 | steps=62 | track=83b25ab67ae7fbc5f9f7a759124aff3c
global_step=65872 | return=-77.70 | steps=89 | track=0f8ac063359ad8aa43be0212eee72b98
global_step=66208 | return=-53.29 | steps=87 | track=eaf3bbcfa855ec60effd3d71630aaee4
global_step=66304 | return=-158.38 | steps=131 | track=0ebe35f3aa7d1ea0227b48e025330a14
global_step=66336 | return=-55.82 | steps=55 | track=19e4be66e43edc8e16aed7ced21a1541
global_step=66560 | return=-123.77 | steps=131 | track=164b97e5276aa85341232a3af2956e83
global_step=66576 | return=-106.47 | steps=161 | track=280e07bbc41ebbdc98b08d1b80f88490
global_step=66928 | return=-156.98 | steps=131 | track=8748b812ed11410c453d08d68f55e9c4
global_step=66976 | return=-139.66 | steps=131 | track=149e54a0feaa6869cb78af72901fe12f
global_step=67008 | return=-131.92 | steps=130 | track=580ab9d54ca5dce61a6c0a129f3ed42a
global_step=67040 | return=-25.33 | steps=73 | track=8c59ce7a143b7d85fe6eb5d3133b055c
global_step=67472 | return=43.77 | steps=70 | track=34829dc1c5c7862373c4b283f956d5dc
global_step=67520 | return=-148.21 | steps=131 | track=4150db88e951a9b7f9cf523091792228
global_step=67600 | return=-157.31 | steps=131 | track=6ba43dfbb69eb88a5b37bc42909e02f6
global_step=67632 | return=-91.96 | steps=65 | track=c0126143218e8a3d2fd3db8e88b7e039
global_step=67840 | return=-149.29 | steps=131 | track=39c917b1b0586e88018dfc5b71b4811c
global_step=67840 | return=-33.06 | steps=132 | track=35659c85049921c12d6b5ef8600c9547
global_step=67936 | return=-158.54 | steps=128 | track=3b212a77059d0e5590b07262def29067
global_step=67952 | return=-20.66 | steps=56 | track=36b6aa28f44b786e988a852cdd8a4a0d
global_step=67984 | return=-32.69 | steps=143 | track=c620c69658fcb2b2fca554607f6a9962
global_step=68032 | return=6.79 | steps=65 | track=2469102c267dec8348eab43f99da82f1
global_step=68176 | return=-54.38 | steps=150 | track=d0bfd0441b0ed1041a4a371625a87c77
global_step=68320 | return=-137.53 | steps=131 | track=b9efda17cdc15512564c827b6d7ebb75
global_step=68416 | return=-141.04 | steps=131 | track=97943cff4c04b7a900dcfddfc8cae4d3
global_step=68656 | return=28.21 | steps=70 | track=37dd72cc0bee90817c3ed9eeb05e548f
global_step=68672 | return=-167.42 | steps=131 | track=1886c32165439e7a58459916d263fad4
global_step=68704 | return=-6.10 | steps=66 | track=104890e81536dcfecf26cc45b792d236
global_step=68832 | return=-12.61 | steps=84 | track=7b29286379c6babb4bc977124f426706
global_step=69120 | return=-132.16 | steps=131 | track=082ec0a7671f0c56962f13cb381c8ee0
global_step=69696 | return=-154.28 | steps=130 | track=2dbf2b4ae8f310087cdc1afa090f452a
global_step=69760 | return=-109.00 | steps=89 | track=07543a0819062c413778df8c83567ac1
global_step=69952 | return=-157.31 | steps=131 | track=3834cc4931f4d956e98d573d430f2a0e
global_step=69952 | return=-140.06 | steps=131 | track=89d4056617fc0dba65f5f0d2ac181b3d
global_step=70048 | return=-155.64 | steps=131 | track=af5b49ea087abfeace275c28b65e8d72
global_step=70048 | return=-28.77 | steps=128 | track=300c44c01682e3ce72de1955c52457f2
global_step=70064 | return=-145.31 | steps=131 | track=a8bba6b4cf0c395b13933ef9bee3fd2e
global_step=70128 | return=-144.79 | steps=130 | track=f30b6b6db2a9d1815c41ad1eee99aebd
global_step=70256 | return=-124.59 | steps=99 | track=17514fc0dc756fe251c54d52644b0a72
global_step=70288 | return=-147.03 | steps=131 | track=257666545e9ee57f6711d3f07d7d80a4
global_step=70528 | return=-156.55 | steps=131 | track=8b7c6bc9f821d4807cae9f0fc21ff0be
global_step=70704 | return=-21.83 | steps=62 | track=774d6e562a3d4d77423e9f64b25481e5
global_step=70816 | return=-137.97 | steps=131 | track=380a86a95f9b9c1589c44ebe66999dbe
global_step=70912 | return=-147.56 | steps=129 | track=959c8e67a97dd5781ff7ecb4a139fac7
global_step=70912 | return=-40.54 | steps=59 | track=a3f0c93edeb6bcf43775a6bd255036f3
global_step=70960 | return=-19.31 | steps=62 | track=4babc096b3bb31105b97badbc26041b7
global_step=70960 | return=-145.42 | steps=251 | track=e14a7e4a4281e4afbfb8b923db10f6bc
global_step=71120 | return=-120.79 | steps=152 | track=66ff332762330cd21e4c1f46ba0f302c
global_step=71232 | return=-149.91 | steps=131 | track=f848d54a4153afd440a8eb59dff54e86
global_step=71280 | return=-105.97 | steps=94 | track=92bb67f1a92794f3e159a44b0911d987
global_step=71520 | return=-98.13 | steps=90 | track=8e382e51cde42c350d739fb0129fd693
global_step=71600 | return=-22.14 | steps=66 | track=bd60f0df1e5a1cc153ed4780a278bfd5
global_step=72032 | return=26.94 | steps=66 | track=2c02981880b1e2a328c95a7c7b9afac8
global_step=72144 | return=-166.16 | steps=130 | track=59040c6173f75ee9fc4ba3190c18f4d0
global_step=72160 | return=-139.27 | steps=131 | track=86215bc471a922e3b3f07134e545f973
global_step=72224 | return=-156.39 | steps=130 | track=594689bbddc7d2b45090c327a4de0e68
global_step=72368 | return=-143.10 | steps=131 | track=e5c7a58cec80c72b7771be48d2d48659
global_step=72560 | return=-25.38 | steps=79 | track=c22508a33f324a439c5fbd796152a4b1
global_step=72816 | return=-147.45 | steps=131 | track=48c9ff00fcd07257adf977916aef9229
global_step=73008 | return=-120.23 | steps=130 | track=4fd94f0c9ea698af88a240283db48283
global_step=73024 | return=-146.20 | steps=131 | track=bf3783a4ab5ba0069189a59690c7cf3d
global_step=73056 | return=-103.42 | steps=139 | track=48e8cc02e980dc92ad90d8ec6760a75a
global_step=73056 | return=-146.10 | steps=130 | track=b878872abca8289067191d707a7b7b64
global_step=73232 | return=-136.95 | steps=131 | track=458c2ad569f061d2ae325b9c5da7221c
global_step=73344 | return=-151.41 | steps=131 | track=9ea9c6d7a5a43aaf34931458fefe97fd
global_step=73632 | return=-136.35 | steps=131 | track=67e824fcc2b639d2bd614686774add73
global_step=73664 | return=-109.00 | steps=89 | track=32568fd53a753034bbe249f761d7403c
global_step=73712 | return=-188.16 | steps=213 | track=33b08190d2a9373bef574cf0bf615c06
global_step=73712 | return=-127.98 | steps=131 | track=73de716ee85d7efb1f838df3d5e0371c
global_step=74256 | return=-161.78 | steps=130 | track=2e036ef76b61145fcd933052c64a07af
