/home/UFAD/tcuevasmestanza/.conda/envs/racing/lib/python3.12/site-packages/tyro/_parsers.py:353: UserWarning: The field `track-seed` is annotated with type `<class 'int'>`, but the default value `None` has type `<class 'NoneType'>`. We'll try to handle this gracefully, but it may cause unexpected behavior.
  warnings.warn(message)
/home/UFAD/tcuevasmestanza/.conda/envs/racing/lib/python3.12/site-packages/tyro/_parsers.py:353: UserWarning: The field `wandb-entity` is annotated with type `<class 'str'>`, but the default value `None` has type `<class 'NoneType'>`. We'll try to handle this gracefully, but it may cause unexpected behavior.
  warnings.warn(message)
/home/UFAD/tcuevasmestanza/.conda/envs/racing/lib/python3.12/site-packages/tyro/_parsers.py:353: UserWarning: The field `target-kl` is annotated with type `<class 'float'>`, but the default value `None` has type `<class 'NoneType'>`. We'll try to handle this gracefully, but it may cause unexpected behavior.
  warnings.warn(message)
/home/UFAD/tcuevasmestanza/.conda/envs/racing/lib/python3.12/site-packages/tyro/_parsers.py:353: UserWarning: The field `resume-path` is annotated with type `<class 'str'>`, but the default value `None` has type `<class 'NoneType'>`. We'll try to handle this gracefully, but it may cause unexpected behavior.
  warnings.warn(message)
Experiment info saved → runs/adaptive_fps_track_aware_lstm/CarRacing_VarFramerate_fc_1.8_bud_180_04-08-13-39-39/info_settings.txt
Device: cpu
Navigation model path: experiments/navigation/CarRacing-v3__train__1__1785768450/final.pt
Navigation Model loaded on cpu
Navigation Model loaded on cpu
Navigation Model loaded on cpu
Navigation Model loaded on cpu
Navigation Model loaded on cpu
Navigation Model loaded on cpu
Navigation Model loaded on cpu
Navigation Model loaded on cpu
Navigation Model loaded on cpu
Navigation Model loaded on cpu
Navigation Model loaded on cpu
Navigation Model loaded on cpu
Navigation Model loaded on cpu
Navigation Model loaded on cpu
Navigation Model loaded on cpu
Navigation Model loaded on cpu
Navigation Model loaded on cpu
global_step=960 | return=30.13 | steps=60 | track=ad72c11145318f1feabeb38ed65cd2d5
global_step=1168 | return=1.85 | steps=73 | track=5c090306a68cf0702fbd8912c6b685ee
global_step=1936 | return=-47.53 | steps=47 | track=b2c1949debcd18a9888e073de3e1a6aa
global_step=2080 | return=-148.51 | steps=130 | track=a4326aadb703334aa5b05e890f1da8a2
global_step=2080 | return=-146.78 | steps=130 | track=dcd292b4a3ee6b0ded9623d665bb1ffd
global_step=2096 | return=-160.40 | steps=131 | track=64b37d043e9b0e83c8b69bfd59ebbddc
global_step=2096 | return=-140.92 | steps=131 | track=a57c5afbc91045e31d483f8ac4d02125
global_step=2096 | return=-129.40 | steps=131 | track=d5e122fff7c402dbe7250cc072992ddf
global_step=2096 | return=-128.02 | steps=131 | track=7bb6fe9bcd8820191c8f703462910beb
global_step=2096 | return=-151.64 | steps=131 | track=bdc991085f89a920bf0ed4b37af46c67
global_step=2096 | return=-141.75 | steps=131 | track=22e1ceef067791191e2abfc47264c534
global_step=2096 | return=-143.01 | steps=131 | track=6b1020cc9c34371ce1c4cd0e5f1bf343
global_step=2096 | return=-135.00 | steps=131 | track=8c1c01a83f45678102041424052d4763
global_step=2096 | return=-148.85 | steps=131 | track=7c04fe51a466f46f5f2ef4c1dde5677b
global_step=2096 | return=-144.11 | steps=131 | track=b61c1ccdaa015908a30fe173c9b8b8be
global_step=2464 | return=-49.43 | steps=154 | track=d7d164e9795246d956daa54002e65d08
global_step=3104 | return=-16.46 | steps=72 | track=fd9092740d2129d2179663b8a9fb8e80
global_step=3136 | return=-2.95 | steps=64 | track=7a8eea357aca5dfd5c7828314aad381c
global_step=3440 | return=-214.81 | steps=215 | track=190417c2fd52a833908566db56c1af3a
global_step=3616 | return=-97.67 | steps=94 | track=3d27c926e86ef605986e36c63902cb29
global_step=3712 | return=-109.21 | steps=100 | track=b3b0a857f2d3c71f1bdb9a3926a03c04
global_step=4192 | return=-134.07 | steps=131 | track=43557fabe73cbccb847840930dd42ee1
global_step=4208 | return=-157.55 | steps=131 | track=cec59b139458062b4a6975342bca634a
global_step=4208 | return=-140.07 | steps=131 | track=724ce9b6373c102d2f2abb0a1665ba89
global_step=4208 | return=-142.56 | steps=131 | track=51b96ee2e6ad535aac3efcc06fb0e8e4
global_step=4208 | return=-153.97 | steps=131 | track=8331c6db27c48cfe33eb2d5effb63be6
global_step=4208 | return=-137.08 | steps=131 | track=09f08816a8e7a6e254aa08797b5f2151
global_step=4496 | return=3.85 | steps=65 | track=9eb4f18a92dc18b4ff397faf41a31c84
global_step=4576 | return=-141.16 | steps=131 | track=f27c8646524813deee03ca5c3641f72d
global_step=4688 | return=-111.38 | steps=96 | track=9f1e4e585847bd7baa346406be2c89a2
global_step=5200 | return=-26.78 | steps=61 | track=d86d34e1112dca9657e6e835b81e6549
global_step=5200 | return=-104.86 | steps=98 | track=0558d701b826a5f56b2dd33d1011e335
global_step=5232 | return=-142.29 | steps=132 | track=ff77c0250292361a89da7ae8c8b5115f
global_step=5264 | return=-230.63 | steps=268 | track=a933526823c3a3fb9378cbce44aab82d
global_step=5568 | return=-144.48 | steps=216 | track=8709e08ad455259d34cf37e20a55958d
global_step=5632 | return=-192.68 | steps=220 | track=3afe92a3cbaed77a5daee1c910841962
global_step=5824 | return=-156.96 | steps=131 | track=9fd1fafad84edd88a606d7b997177f08
global_step=5968 | return=-50.25 | steps=43 | track=86e772ac8baab51cc4c2c3ed9304b9f2
global_step=6224 | return=-12.49 | steps=63 | track=bf53fa5e91377a7dcf1f83ec5946b763
global_step=6304 | return=-158.19 | steps=130 | track=262ce2ad2ee4323e12f7f91b34b70145
global_step=6320 | return=-148.32 | steps=131 | track=0c35fe3a0fee19a6dee40617d6d584f0
global_step=6592 | return=-103.09 | steps=148 | track=36fa3e1dcb69523cf25b51ce6dacd4c7
global_step=6672 | return=-137.73 | steps=130 | track=64310369914e9fd6bb05f287f3fe5cd6
global_step=7200 | return=-162.52 | steps=186 | track=743a38f7064afe95939493e3d26585eb
global_step=7248 | return=-129.41 | steps=171 | track=5dea3b8e5c3a4f049386d8c62fc6cd8b
global_step=7312 | return=-146.41 | steps=131 | track=c89b476639a250fc0741918bd5b12031
global_step=7344 | return=-246.14 | steps=328 | track=4d39110a6f88dffea8235efc9a444bd8
global_step=7568 | return=-83.47 | steps=145 | track=dbada698f2c1f6bcc44358046c10ad46
global_step=7632 | return=-36.36 | steps=64 | track=8637cf40e3a5670ae031761d1f3a6e1c
global_step=7744 | return=-134.69 | steps=131 | track=8d71af548fa7f461a6b7aa8a76aa71ad
global_step=7776 | return=-181.11 | steps=192 | track=559bb64651ec599056304c5cd2f1e4d9
global_step=7776 | return=-112.82 | steps=90 | track=946d5c8825ff8cafe39f93a9728b046a
global_step=7936 | return=-159.37 | steps=131 | track=d3ac309f0ccba7f5668e2abb40d03a6e
global_step=7936 | return=-13.87 | steps=78 | track=50bc5503ca9ecddefc9f6f6933ac3ef8
global_step=8064 | return=-145.09 | steps=130 | track=a071648e6d38d34fd8c500974654120d
global_step=8064 | return=-35.76 | steps=155 | track=b05d9855489258f02b11b140f1013b0d
global_step=8304 | return=0.08 | steps=61 | track=ec742c22297bb0f8fdda20054adec6a6
global_step=8336 | return=-160.24 | steps=131 | track=1918f2e25297e186ce4385abc3a242a3
global_step=8416 | return=-143.53 | steps=131 | track=8e8e65208f9a8d74f98ce448b06ba55b
global_step=8672 | return=-39.21 | steps=45 | track=a05ef2dd398ee30a474541a6c4315a9c
global_step=8976 | return=-48.29 | steps=107 | track=14d04b09635a071a933cc55ba44c923c
global_step=9040 | return=15.59 | steps=80 | track=289987a0d430bf4f8a031b52645fd505
global_step=9104 | return=-70.86 | steps=42 | track=c095704adb2c007aacc6707f0bf8b210
global_step=9296 | return=-154.09 | steps=130 | track=3056a81c825ef2043b2141e5d42df13f
global_step=9456 | return=-153.76 | steps=131 | track=6b36c7bf0215dbb41c4fc2c5ce0886d1
global_step=9680 | return=-147.21 | steps=131 | track=b874a19cf6ceadc5c083ce2d9c8375fd
global_step=9728 | return=-139.88 | steps=130 | track=7177b9565d8e5f1fdce25ea21b7d59e5
global_step=9904 | return=-153.02 | steps=132 | track=077381a578ea39ad689e9611c43674f6
global_step=10016 | return=-87.58 | steps=139 | track=ca64d8f6916b13e0f9432439d7087665
global_step=10032 | return=-141.58 | steps=130 | track=cd0eaba2513282491385f8e923b817de
global_step=10176 | return=-132.46 | steps=131 | track=440411b98b9c000cf0e28f6276c6edb9
global_step=10176 | return=-141.53 | steps=131 | track=0caf771e10abd3d8d2375043b6cd4d10
global_step=10384 | return=-116.07 | steps=129 | track=3e5114c2490847de877fc01a3c9635be
global_step=10448 | return=-144.44 | steps=131 | track=48781d18daf6a404d939d6a923f41545
global_step=10768 | return=-140.30 | steps=130 | track=3506b85f414d92e03ee83993142960f0
global_step=11088 | return=-149.20 | steps=131 | track=d72b9a0d4c5cc19dee20e67b2480aab0
global_step=11120 | return=-101.87 | steps=129 | track=b31a3be0ddcad1be868f494b719addfa
global_step=11216 | return=-131.90 | steps=131 | track=26d6b63e571429e96a5231b79f555b41
global_step=11408 | return=-149.51 | steps=131 | track=7d7befc6276722338e0f2d1e2dbe4a5b
global_step=11520 | return=-182.30 | steps=457 | track=f408dd8ee20bf681254dc01be8bd38f5
global_step=11568 | return=-149.30 | steps=131 | track=72b6eeaf5f722513b90e6830ec226923
global_step=11776 | return=-141.88 | steps=130 | track=7482486f76ee02124f2fe13c7a18c49e
global_step=11840 | return=-155.77 | steps=131 | track=d6bb14f136eff9a76dc5bde5c849100a
global_step=12016 | return=-163.47 | steps=131 | track=ea84d964b7c470b2fbcbf5909254667f
global_step=12128 | return=-153.20 | steps=131 | track=5a8f22b7665b215ca7aae1c7b6e92a87
global_step=12144 | return=-144.61 | steps=131 | track=435e468098883b8ea2f9cccb36535d8a
global_step=12192 | return=-30.57 | steps=60 | track=4cb8174d94e84aba042076a2c0882ac9
global_step=12304 | return=-141.10 | steps=132 | track=ead8c0cbc6f38633c1575384202b7d38
global_step=12576 | return=-144.69 | steps=132 | track=496e13914a8b3401a527003d59d16b24
global_step=12608 | return=-88.53 | steps=94 | track=48f820660f70e6bd375665d4eadf4b56
global_step=12880 | return=-149.51 | steps=131 | track=2c47e4ac995da33f77888b731baee180
global_step=12928 | return=16.36 | steps=71 | track=017cee5e087356bd96960d7aaf029661
global_step=12960 | return=-102.17 | steps=89 | track=17163eab759dd96de5de56ff89d2d46d
global_step=13040 | return=-95.12 | steps=101 | track=5f45805d126a0aa4db332d354df2bec4
global_step=13392 | return=-89.03 | steps=141 | track=dd10ef8eea7a5a90f6c538049c3d94ed
global_step=13632 | return=13.59 | steps=65 | track=a56b671d8d5078577238a2be1d598ddf
global_step=13664 | return=-143.48 | steps=130 | track=f4bfbc180e13414ca5eb45ccbc1b657a
global_step=13664 | return=-70.67 | steps=43 | track=c0871d45fb09a28fe69addfd30ec259f
global_step=13920 | return=-127.52 | steps=233 | track=fc5062155ad8e4724c2c454dfa653dc9
global_step=13952 | return=-149.88 | steps=131 | track=d0cd12c736ad2c06a7d20c8ed9ce8e3e
global_step=14128 | return=-138.05 | steps=131 | track=9be571bacc30e55c8a15e6f3d3003477
global_step=14240 | return=-146.32 | steps=131 | track=f0edfa238a85bd9de6ab19a5f13416bf
global_step=14256 | return=-144.60 | steps=131 | track=f4af0eee84e51ef3db5691207f688da7
global_step=14288 | return=-158.19 | steps=130 | track=a1b6c1c9b1956d2b6a39454eff78445f
global_step=14416 | return=-49.31 | steps=92 | track=95782210ec8fde8ab1f1fdd3b535358a
global_step=14416 | return=-132.53 | steps=131 | track=458406d8458ce222739db783110a5623
global_step=14480 | return=-112.59 | steps=89 | track=8938956ecaa844b5da78d55c5cd4bae7
global_step=14672 | return=-67.89 | steps=46 | track=c34fa38cf81645f963839572f5ed5440
global_step=14720 | return=-147.00 | steps=131 | track=3e7f0a0adaaeb4643228a6efa44ef210
global_step=14752 | return=-288.92 | steps=272 | track=f9e2906c4f5f54c8b6cd22c0815a181b
global_step=14992 | return=-138.96 | steps=131 | track=9dbef9609d65cdb8576203c8253bab25
global_step=15136 | return=-10.60 | steps=62 | track=2c485bca0668a9aa41e5e3d788459a68
global_step=15184 | return=15.70 | steps=111 | track=8217b053ed9d97fabed3586238f7a9f0
global_step=15344 | return=-28.85 | steps=104 | track=78add6fa19ec2998bad1cba5e10447f6
global_step=15728 | return=-114.49 | steps=81 | track=7203cdf87c44c1f5f7069b3db4e79d80
global_step=15728 | return=-138.19 | steps=130 | track=3fdffacc175a52d9b3788fccdce1c566
global_step=15776 | return=-145.47 | steps=131 | track=d2524199d6666c1bad8edbdd57c7d4aa
global_step=16064 | return=-151.00 | steps=131 | track=6cbedc68d2eca6705fc0ecb9e3b5abf5
global_step=16128 | return=172.55 | steps=106 | track=b40a762eace5d4d491314cde8d858b7c
global_step=16240 | return=-15.35 | steps=77 | track=c4443da5c4cb037d8789fe7f4eaa2efd
global_step=16336 | return=-105.99 | steps=129 | track=8f4e62644d3c283e6eeea2b03d4fbb23
global_step=16352 | return=-154.59 | steps=131 | track=875426328bd9b68c331377b5ab6d14c5
global_step=16384, SPS=99
global_step=16400 | return=-148.57 | steps=131 | track=08ac75044b0075d4db41d529af011d7d
global_step=16592 | return=-148.83 | steps=131 | track=65d3870ddc4e208bdd49110932afc380
global_step=16784 | return=-152.67 | steps=131 | track=e6fa8186f139f513086c3734041f973d
global_step=16816 | return=-30.67 | steps=42 | track=464656f7ed66b1b74e7ca405803b323e
global_step=16864 | return=-131.10 | steps=131 | track=b704da1e3f6d2880b76b64966b41740b
global_step=17104 | return=-58.34 | steps=47 | track=9666e4ec158b775c8050537b7eeec650
global_step=17168 | return=-42.73 | steps=152 | track=081a75e6c40c9ac0fca8b1612c1d6fb8
global_step=17248 | return=-146.77 | steps=131 | track=7b889f3ec1dc22dd2c700421682328ee
global_step=17296 | return=-140.74 | steps=131 | track=9ebfe78775c6f967aa77fd9d85f6a46d
global_step=17440 | return=-137.78 | steps=130 | track=14f5cdbd891e3250a3dff9a675683cc4
global_step=17488 | return=130.69 | steps=109 | track=7e9d522d43e4feebc6c73ad3462629ed
global_step=17824 | return=-113.45 | steps=109 | track=c802d85cf3f63a737d971b91b2d0bb2e
global_step=17840 | return=-141.40 | steps=131 | track=2e114b82173400397964384590decf50
global_step=18048 | return=-36.21 | steps=112 | track=23679b0d03cff2aa08efbd7d03f64981
global_step=18064 | return=-99.08 | steps=142 | track=3cc7a1956c7041eb495fd98e1daf91da
global_step=18128 | return=-114.72 | steps=107 | track=a32bad3e5025b7a7f48bef8989763c6c
global_step=18320 | return=-54.87 | steps=54 | track=5ea297c359a65269c82a920d5440f28b
global_step=18464 | return=-144.87 | steps=131 | track=080a0370be010f3991e3ab8bd3eabc98
global_step=18704 | return=-148.49 | steps=131 | track=75f8968e25c2b23078427dad77e142d2
global_step=18768 | return=-102.78 | steps=123 | track=957d3ef492e80b1db7a9f8d7a815f802
global_step=18928 | return=-148.17 | steps=131 | track=c40b9e2449c2d9e9b63ab9aedee99604
global_step=19216 | return=-132.86 | steps=131 | track=1cd4f59eda91f4d57bf9d2e6a94e780d
global_step=19280 | return=-136.65 | steps=131 | track=20ffeef70541ba2cbbac407fbf321126
global_step=19344 | return=-112.88 | steps=130 | track=3632eb2b2f3d3dadcca13f6d3abaf0a4
global_step=19392 | return=-147.18 | steps=130 | track=5038ddb0f74298fc0d94064d22c8d7e9
global_step=19600 | return=-129.88 | steps=131 | track=c5f547b95cdb0fd8d8c0a749c773514d
global_step=19920 | return=-148.32 | steps=130 | track=aa209465f0c490b08e0731dffc9b7bc9
global_step=19968 | return=-156.69 | steps=132 | track=1355828fde40e3bb4eba645ef05c75bb
global_step=20016 | return=-136.89 | steps=122 | track=aca6773f2a01b95afd161407b81bbb4a
global_step=20416 | return=-150.38 | steps=130 | track=fcfff098f857c810b410ac1a2c58d253
global_step=20432 | return=-115.23 | steps=143 | track=b7f408a3d01c07755e34315327ed3a78
global_step=20432 | return=-15.03 | steps=147 | track=ac9be8666fcdc9be005477101ad1b5c2
global_step=20576 | return=-147.79 | steps=131 | track=2d3398f86e6e13c45a5f8482411df076
global_step=20720 | return=-138.57 | steps=240 | track=b3d338adc2019e42f5e19445dbc21d59
global_step=20768 | return=-113.17 | steps=96 | track=2e31bf67dfbc090a190811ebf84236a1
global_step=20816 | return=-142.31 | steps=131 | track=f8f99979a5f143d44683f8f8763d6d49
global_step=20880 | return=-146.13 | steps=131 | track=75add8b08d169fcabf34d475d6e0fdc0
global_step=21040 | return=-140.07 | steps=131 | track=dafd398584d2ef04c1692c71c14b5853
global_step=21360 | return=-55.69 | steps=48 | track=2e7c6f111abc5afe9278bf21c79516e6
global_step=21392 | return=-148.78 | steps=131 | track=2ec7493db153f481660485fef0bea403
global_step=21456 | return=-154.01 | steps=131 | track=2c9d978e772a2eb3fbf463ab5fcd7d04
global_step=21456 | return=27.49 | steps=64 | track=76bfc5a807561636a35b22c7ba7a79ab
global_step=21488 | return=-139.88 | steps=130 | track=ca5712ae9ed8b634e3ddc0a541888c4f
global_step=21696 | return=-49.60 | steps=78 | track=11627f79a2e3b54d8575728a897adeff
global_step=21712 | return=-147.03 | steps=131 | track=718ba9fe3ad09ddc765791ce8e1a1e61
global_step=22016 | return=-149.14 | steps=127 | track=fc8b09f0a664d0155f587daedde845b8
global_step=22032 | return=-140.50 | steps=131 | track=2461ecc15376c3a975a09dcb750dc6fe
global_step=22128 | return=-164.95 | steps=131 | track=0a6a22fcfe205162502744571123d168
global_step=22352 | return=-66.93 | steps=53 | track=40e23cbfc2c1f8f0cb8434839e035c23
global_step=22432 | return=-3.87 | steps=66 | track=709373b398d86520ee6edefbfdd40919
global_step=22448 | return=-29.49 | steps=61 | track=53388487c6b8ed29f29d2ccd94ee0bf4
global_step=22832 | return=-137.67 | steps=131 | track=d0af03ecba07d5b164058cf9efef8990
global_step=22880 | return=-138.15 | steps=131 | track=2a4a960136ec84945aa59082c93119a0
global_step=22992 | return=-120.20 | steps=135 | track=8152f47021807af07b36322551da3f94
global_step=22992 | return=-144.54 | steps=131 | track=854d536b16454ff6e9aca09587a9d17b
global_step=23088 | return=-78.96 | steps=66 | track=751e9b446388f3aba8a5884b6acb2e59
global_step=23248 | return=-171.51 | steps=175 | track=01315cdf0cdbbbdecd0730bb0aae2ec5
global_step=23328 | return=-95.59 | steps=100 | track=4eaee324884f194474438c3af6e155e3
global_step=23344 | return=-131.79 | steps=117 | track=06aea00eff40176d0fecb2a3d95554a8
global_step=23424 | return=-18.66 | steps=66 | track=e4cd4766b7639e9dc53ff88fd077b1c9
global_step=23840 | return=-60.13 | steps=152 | track=1270a157ba02edfbbc162aa2da64f0ff
global_step=24240 | return=-131.30 | steps=131 | track=dc27e2a065aeb6562dd8528e76ea45e7
global_step=24336 | return=84.03 | steps=143 | track=ab19a969e63f8b7c28234036939fd40d
global_step=24352 | return=-67.74 | steps=63 | track=2749fb9b3d6a0108e950ee82f9681723
global_step=24416 | return=-74.82 | steps=210 | track=d8714290732582fc33c80ac4db3179c9
global_step=24560 | return=-137.80 | steps=131 | track=16e20702ff1edb721dfee5ca41d91d64
global_step=24736 | return=-60.83 | steps=143 | track=4e8ce9bae5622e4440676e56340f25eb
global_step=24752 | return=-60.09 | steps=93 | track=9faf9c960262e847afe5fbc7cd559b40
global_step=24848 | return=60.08 | steps=62 | track=bac4adaa5f540636766ffde2bf8a137b
global_step=24960 | return=180.46 | steps=132 | track=a895383e9894ee81e852383ce2632961
global_step=24976 | return=-148.20 | steps=130 | track=8ddd4dbf0abd663740b0cee5940e801b
global_step=25024 | return=-19.58 | steps=48 | track=af8e2a7e8372e8deafe00515d0147200
global_step=25104 | return=-143.85 | steps=131 | track=81a9dc6045e78e63ec022a19c2df4100
global_step=25104 | return=-162.60 | steps=131 | track=d745cbd41ee1943f9f2044baa0df3ab5
global_step=25344 | return=-19.42 | steps=61 | track=f30315cb41b4f46e367230f6f2959529
global_step=25504 | return=-110.55 | steps=134 | track=e1e3e1de668d9471baee92701c189cd3
global_step=25552 | return=10.54 | steps=75 | track=b9978d3ef083d43757f191f6175ed200
global_step=25584 | return=-19.94 | steps=63 | track=2f7c9246553cc4f94fb6f845e1571d96
global_step=25760 | return=-135.15 | steps=253 | track=be848fde336afa273f3d8113cbb30843
global_step=25968 | return=2.96 | steps=76 | track=eb1594c8cc52ae4f53658e533bf213c0
global_step=25984 | return=-92.51 | steps=180 | track=d85ccaa9bc6535e661c4f5716ff0f417
global_step=26368 | return=-64.89 | steps=78 | track=297252f48c1bd259fb21eb654e73fde0
global_step=26720 | return=-95.46 | steps=143 | track=fa85bd34c5fdf8574ee0b43eff08fb39
global_step=26864 | return=-154.69 | steps=131 | track=84c22b119077bf004668a793ce8ef8aa
global_step=26960 | return=-142.56 | steps=131 | track=d552adb3ad54e79551ab0212c624dba0
global_step=27056 | return=-148.00 | steps=130 | track=14d27400d4727ae3700992e773bd7db1
global_step=27072 | return=-21.10 | steps=43 | track=dbfeeebf61c5ceff4857314bcad85e7e
global_step=27088 | return=-138.50 | steps=131 | track=5a50ec73a44523fe30d159e94c14cf27
global_step=27136 | return=-161.25 | steps=131 | track=7895ac100acfa7a8e240ff86921df1be
global_step=27200 | return=-142.78 | steps=130 | track=6ee97a9f2ba54c622a1fe528795b9ec9
global_step=27360 | return=114.17 | steps=245 | track=ea9a54dd8875f2f22b86ae80bc2e5123
global_step=27616 | return=-139.35 | steps=131 | track=b1754446f42cbacf863c9b1564ecdd9b
global_step=27664 | return=-144.75 | steps=131 | track=07573f503c825c90bd8dd699ed7509fa
global_step=27696 | return=-65.24 | steps=45 | track=62337ba4c9d81906183da89d976dc5af
global_step=27872 | return=-144.75 | steps=131 | track=07dda5d8f2c9098d0d571372d8a5ddb0
global_step=27920 | return=-77.29 | steps=145 | track=c58048a6395ff48087371eca4a6e0f62
global_step=28000 | return=37.98 | steps=79 | track=acf1f7f085a49ec1faecee455e97e25e
global_step=28080 | return=-139.14 | steps=131 | track=edbfc23e5b4a6708448729748327a2d1
global_step=28096 | return=-141.87 | steps=131 | track=43a1957043de0d49b46959ae414cd69b
global_step=28112 | return=22.31 | steps=65 | track=019a2594d60238a8a372abd96f1a956f
global_step=28160 | return=-20.40 | steps=63 | track=fbc9f6ec945438e8b3f05de659cebb84
global_step=28352 | return=-94.38 | steps=61 | track=8ed56bf1a2e9eced5e4b0fc399b7c446
global_step=28656 | return=-86.13 | steps=97 | track=8724099a8af8d0244140fb5a92758768
global_step=28800 | return=-68.53 | steps=42 | track=0b5a0a635881179ab88538570747ef9a
global_step=28976 | return=-136.35 | steps=131 | track=80fe75c54b12df746198492b7dd87f78
global_step=29184 | return=-135.07 | steps=131 | track=417f3662859b3acb794abb4a06a245e3
global_step=29312 | return=-136.60 | steps=131 | track=331ab830372d3702b2806e3503a4adbf
global_step=29456 | return=-124.46 | steps=114 | track=1bc5ce6596bfeadf6f448811b5a10e42
global_step=29632 | return=97.66 | steps=267 | track=7fafce5a2acac898b7963e2834c1a2a2
global_step=29744 | return=-59.61 | steps=47 | track=dadeb707e1c0b8c8991922710f80555a
global_step=29984 | return=-154.50 | steps=131 | track=ff302a718ab41eaaf9cd5778539332ed
global_step=30032 | return=-166.61 | steps=131 | track=15477d32fa5c4465f224ad43285b2275
global_step=30096 | return=-136.28 | steps=130 | track=5c30cf60726860bf8b764d86ea6c0c6e
global_step=30176 | return=-135.33 | steps=130 | track=4b1377e83865c1ee342555ed7a252da8
global_step=30208 | return=-151.77 | steps=131 | track=23ec11b485559f3bd90dd6ecad700446
global_step=30224 | return=-120.37 | steps=97 | track=6ec78433637dbc03e05ef37988dd62d0
global_step=30272 | return=-144.34 | steps=131 | track=399a9b4b87580187b1b6e504bac2d9dd
global_step=30464 | return=-132.40 | steps=131 | track=614f778737e54336cacd37150ae20baf
global_step=31232 | return=-61.36 | steps=47 | track=43cdf7dd89b7e7ba5f77a003eff74f00
global_step=31248 | return=-57.36 | steps=64 | track=019fc7ee22faa168f07cf3dd0cf8ce8b
global_step=31296 | return=-153.26 | steps=131 | track=15f1c6707dc491983598f5436b5bdf4a
global_step=31312 | return=-199.60 | steps=225 | track=76792b587fbb3910223d347cd72fcc43
global_step=31376 | return=-16.67 | steps=71 | track=5e1625558a1ef1c637e1e65de1ce3bb6
global_step=31424 | return=-135.07 | steps=131 | track=0343c88b721a1bbf02d9097e0479f182
global_step=31568 | return=-148.55 | steps=131 | track=ea2661dd3578c04f295a936d61953e08
global_step=31632 | return=53.10 | steps=176 | track=129809b4616b606b98cb53f4b6a65d09
global_step=31760 | return=-140.12 | steps=255 | track=527cfedf8b9a270fb2327b69affc3d05
global_step=31968 | return=-86.59 | steps=145 | track=7a1d3b982071979f37f9869bd36c694d
global_step=32080 | return=-116.08 | steps=127 | track=2baf6a6331822d2b6cf8361631a62798
global_step=32208 | return=-145.18 | steps=131 | track=066da74488df401ceaf08b37428dcca3
global_step=32224 | return=-50.57 | steps=57 | track=983e0f22706265fe170799c8ccc2b679
global_step=32288 | return=-161.07 | steps=131 | track=750c0a099ae1f0a223ba85d12cd26157
global_step=32288 | return=8.61 | steps=64 | track=ba020fb4e396f04e7ce8d3570163aa4b
global_step=32368 | return=-157.33 | steps=130 | track=cfbbdd9273165080a4666bc8bd5a9cb2
global_step=32416 | return=-48.29 | steps=151 | track=fa69d82fd53a709b4356b24709311760
global_step=32528 | return=-67.90 | steps=173 | track=8ffa5a3b25150a8de01f05dfb0cc74b6
global_step=32640 | return=-19.45 | steps=62 | track=f79eee42f3781b130548f33f740f317a
global_step=32768, SPS=90
global_step=32816 | return=6.67 | steps=65 | track=ef58729bbebe1895c120322345a79084
global_step=33216 | return=-64.24 | steps=114 | track=c34e429fa0e65ecca32ab52ade4e8ed0
global_step=33344 | return=-154.60 | steps=131 | track=ce73945929c793488c3f3d7921c638c8
global_step=33424 | return=-124.79 | steps=131 | track=35d832bcd06038df3a3554106c0e4c69
global_step=33488 | return=28.37 | steps=69 | track=30cf1f6bd0ca9f48bbc8bac4cf290314
global_step=33632 | return=-89.23 | steps=137 | track=65d832c57000c34dc5566ef0cfc49cd2
global_step=33648 | return=6.09 | steps=84 | track=de88f07a7b9da6e37ea9efde4c27cd8c
global_step=33680 | return=-133.09 | steps=131 | track=8995a3277466d398523dc66ea1da0f53
global_step=33856 | return=-101.27 | steps=97 | track=2f6502d9e857d04400a7acd2d60b39fe
global_step=34048 | return=-122.10 | steps=129 | track=3edabd177a6098d2ffcf6802e3f77fc2
global_step=34192 | return=-142.48 | steps=131 | track=4d354f356a026bd623e8d3bd37aa5892
global_step=34208 | return=-72.21 | steps=86 | track=ecbf3a9ba3811613574ed4efc6c2f931
global_step=34224 | return=-87.27 | steps=105 | track=f6761080c64a32f84ed9e4b9f2bd2695
global_step=34304 | return=-138.60 | steps=130 | track=7a502b66e7dbc05569e88bbd309aab29
global_step=34304 | return=12.58 | steps=67 | track=5bebad7cbeb42ca8124fd90e6f583798
global_step=34528 | return=-151.20 | steps=131 | track=06702ccda668e98a65ae9fcd127fcee6
global_step=34752 | return=-149.20 | steps=131 | track=2d3d2f39d55cb2d70f3e0376fcb26a43
global_step=35088 | return=-105.26 | steps=89 | track=ccf4e7937168ef801c4395d9dffca3ef
global_step=35248 | return=2.86 | steps=65 | track=b536889bd4b83e872bb7c194521ebef1
global_step=35408 | return=-66.43 | steps=40 | track=547cdda591a4d9a47c7cbcf4277c3e5d
global_step=35792 | return=-145.39 | steps=131 | track=3f980306283846cba747e5ade200cf9d
global_step=35968 | return=-150.79 | steps=131 | track=9f9ddb25e24ee7831131016b114ada4f
global_step=36000 | return=-49.31 | steps=56 | track=d0697767e4e4a5beb4bf05d2b061c4bb
global_step=36192 | return=-167.55 | steps=247 | track=84c9b6167af78eac182336837a6a90a1
global_step=36240 | return=-34.42 | steps=61 | track=a07399794b72e608c47027099d69c0ab
global_step=36304 | return=-141.68 | steps=130 | track=face9ac3c8d4c92a7189165786d0d7fb
global_step=36336 | return=-132.75 | steps=131 | track=b37f33d73ae838f90373eca4e082b512
global_step=36352 | return=-72.36 | steps=143 | track=558d144aad9bc54a8b717ffa3966fdcd
global_step=36416 | return=-145.39 | steps=131 | track=f0f8de66a5f40ed230c61c3bd0159c09
global_step=36432 | return=-182.02 | steps=174 | track=42a3d8490bbea4eccdad4450a3df2f49
global_step=36592 | return=-175.83 | steps=202 | track=29dc5eabee765c0db1429d5182d1e87d
global_step=36784 | return=-103.10 | steps=140 | track=fac5f69922ffa62d91482372a3322ba7
global_step=36832 | return=-30.89 | steps=208 | track=3fe4cd7d26d7e270358365b4b789e75f
global_step=36992 | return=-26.88 | steps=42 | track=9765f8896ef35608a0cf5bd0cb7a1a1d
global_step=37424 | return=-15.49 | steps=61 | track=f1a5359efa7271e5107f5007aeb3317a
global_step=37520 | return=-149.07 | steps=131 | track=bbf292cbce25bc6bf458fcaed694ca18
global_step=37568 | return=-113.71 | steps=110 | track=40a362ebb5bd3fcac7d39f1c8fc32b5e
global_step=37776 | return=-206.48 | steps=216 | track=348e4a81568ad02bde430732d6f83d26
global_step=37872 | return=-102.68 | steps=101 | track=5032f79a32eea810f1f1c19a1694408d
global_step=37936 | return=-122.60 | steps=108 | track=f05f4dca3468c12b7003939de80d8f6d
global_step=38080 | return=-144.75 | steps=131 | track=340ed7058cd78dae3215ef18efce3c79
global_step=38096 | return=-137.64 | steps=130 | track=7acf25c867cc441dce78d56785c4fbe1
global_step=38096 | return=-66.86 | steps=93 | track=95d3d92293454a699c52eba2ddb09735
global_step=38320 | return=-95.99 | steps=95 | track=0e23b819e60aec2dd713b7e2f47fd61c
global_step=38448 | return=-145.25 | steps=131 | track=2432819f4452defac5fba58557f59c84
global_step=38464 | return=-139.61 | steps=131 | track=8e7213802c31856e7eead28133642692
global_step=38528 | return=-17.99 | steps=62 | track=5ebd21f192bfe9aa1fa0a5e979e3a66e
global_step=38576 | return=-129.59 | steps=321 | track=b8461be6f76b4a65144a9da609eed1df
global_step=38944 | return=-145.41 | steps=131 | track=918c4fdac06418c83b5c8ee885fb415d
global_step=39040 | return=42.79 | steps=91 | track=c55ec0e9aa865dbbfce09b9051c60bff
global_step=39104 | return=-141.37 | steps=131 | track=40c1d78011b572b39b5136b4373d4845
global_step=39168 | return=-40.74 | steps=171 | track=c7b51bad98cdedf3996b8f6b90681e71
global_step=39520 | return=16.03 | steps=66 | track=00cde440f59a6026fb6c03b9bc6b522a
global_step=39520 | return=-153.11 | steps=130 | track=8a8edb8bb3d8a86c52a94826262656a2
global_step=39888 | return=-25.66 | steps=88 | track=b1cc2addcc837a4c5c6d4a585f97af62
global_step=39888 | return=-145.70 | steps=131 | track=70b704d580731766fb1c93dad8f427e6
global_step=39984 | return=-134.43 | steps=131 | track=c2e670019ff1bd85b017ef04fbef6349
global_step=40128 | return=-113.21 | steps=96 | track=b6bd22b9294eedbf96b16e0df6afce4c
global_step=40144 | return=-28.53 | steps=60 | track=7724294688c0845a1dd3269842120691
global_step=40192 | return=-153.98 | steps=130 | track=557b04ea4b3bea1e247de1b2867fb292
global_step=40208 | return=-140.25 | steps=131 | track=569d36097f4bfb4592a2b3714270eb18
global_step=40256 | return=-109.73 | steps=144 | track=cbd226362b2686484331a1c414b9f23f
global_step=40416 | return=-139.20 | steps=130 | track=379cb3293564f83e71eca292d3804b29
global_step=40560 | return=-29.99 | steps=154 | track=49b2f92dd9c242079e8f5b8b6049caf7
global_step=40640 | return=-140.11 | steps=131 | track=656fe98a72379e552767be0252fb9505
global_step=41040 | return=-33.16 | steps=65 | track=a5731264b7d65d1687fe50fa3e50a944
global_step=41056 | return=-121.72 | steps=95 | track=5308e318eac9083753414655ec3c3b62
global_step=41168 | return=-89.12 | steps=138 | track=0505f3a30d8e703e7eafd74f4b36d00d
global_step=41184 | return=-64.01 | steps=57 | track=3414e5128d3399ab3c27dfb05cf402a0
global_step=41264 | return=24.20 | steps=66 | track=d02e25de40d857ef9ac53ac719427b94
global_step=41568 | return=-115.39 | steps=104 | track=444cdb7a3a14adc4c47cf65cbf3ac65a
global_step=41584 | return=-57.78 | steps=154 | track=8c895276b4d0d8c44149cbc7b4cc9670
global_step=41616 | return=-145.91 | steps=130 | track=a3662ba9bd09367e5ea054c1f980a1f4
global_step=41632 | return=5.36 | steps=66 | track=f2fab27f4fec311cb4c11fbef8e824d4
global_step=41808 | return=-83.11 | steps=72 | track=94191743ca8641680b8fada570f58f0e
global_step=42240 | return=-158.07 | steps=131 | track=b9310cd32f31760533325e8895c7d01c
global_step=42256 | return=-141.40 | steps=131 | track=c0bf6834d768edb46ffb27bc708a4700
global_step=42288 | return=-60.87 | steps=41 | track=f7330d19cfe32b382cc717a1bbad0d15
global_step=42464 | return=-106.64 | steps=140 | track=89574e235bc589ae622978d615f4555a
global_step=42528 | return=-146.95 | steps=131 | track=c12d02e9e9026d2c07311bc324812c3f
global_step=42992 | return=-127.31 | steps=193 | track=aaf196f6b66d87126845e54c70c4e981
global_step=43136 | return=-152.66 | steps=130 | track=819894c780bd96bca2843e52d3fa13bc
global_step=43168 | return=-152.35 | steps=131 | track=85fd8f5ac0c313ecdc4e987ef751e2d9
global_step=43280 | return=-151.00 | steps=131 | track=69b72f855a3e059a37fb1a0622b5ee75
global_step=43472 | return=-58.90 | steps=137 | track=e4a9bf9e71d05f1f699e45ed7729c02c
global_step=43664 | return=-152.15 | steps=130 | track=f93ff379cd15164e0d4077b245fac601
global_step=43696 | return=-139.78 | steps=131 | track=0da0d57b9a77c90e249b7d2d69173e58
global_step=43712 | return=-108.24 | steps=157 | track=ded259c0ff16cdcdd0b552a58773fd34
global_step=43728 | return=-146.99 | steps=130 | track=75c11177fdf385b74a58f8c930afdcda
global_step=43792 | return=-87.87 | steps=49 | track=0dbd43e2e8be9ed90d609b2844e9ea1a
global_step=43920 | return=-143.67 | steps=131 | track=cf36aba99c29a0415c38d79a08d765c8
global_step=43920 | return=-113.55 | steps=101 | track=461a15726ce81e6940eba901c2119fcf
global_step=43936 | return=98.37 | steps=305 | track=3913b9c1074216821dbfb2740eb8ae76
global_step=44096 | return=-60.94 | steps=101 | track=bb81a2b12c16dc697f16c8f569aeec34
global_step=44368 | return=-142.95 | steps=131 | track=7b68133c09417ec9c0a022b9fd4ab1bb
global_step=44448 | return=-102.16 | steps=137 | track=7c704b404654928f72415ecffe653493
global_step=44592 | return=16.76 | steps=69 | track=7d4d9de79980637330a4b535c73278cb
global_step=44640 | return=-148.36 | steps=131 | track=9d4ee030b273d321cc7bb68e6288334b
global_step=44864 | return=-4.09 | steps=70 | track=a39e29062280ef7a2facb30e727a26a9
global_step=45280 | return=-142.20 | steps=131 | track=8734274bfa87c068a6b30bfb8bbd4999
global_step=45392 | return=-143.55 | steps=131 | track=a3a97303fd3eb85a54e7c62a55733476
global_step=45408 | return=-46.89 | steps=92 | track=90868e816c443a9dc5ef1ee009606a30
global_step=45600 | return=-20.93 | steps=76 | track=821ae26680133e577732ed4dba5e663c
global_step=45776 | return=-132.43 | steps=131 | track=52dd2ace1ad7e57f2accd57ba299d2c5
global_step=45808 | return=-136.17 | steps=131 | track=abd805884e9f08b71001f466c57272de
global_step=45888 | return=-123.70 | steps=130 | track=f46589be6b74a85aa981c2e9db8a97ae
global_step=46048 | return=-146.13 | steps=131 | track=6e902468bcfc410ca714d0bcb9a53b97
global_step=46128 | return=-51.21 | steps=150 | track=403a8d009956564524a490506da8a69d
global_step=46192 | return=-151.91 | steps=130 | track=f495e223210ec6470a4dcc4a25ef160d
global_step=46368 | return=-66.05 | steps=152 | track=f5d7c9e873e4c99087d4c08e22035593
global_step=46560 | return=-146.00 | steps=131 | track=110220312bf3b5008dc308c0cc352d30
global_step=46704 | return=-149.29 | steps=131 | track=5b8c59f61240e83fb04fb986b240c99d
global_step=46752 | return=-149.94 | steps=131 | track=d2cebb2ae797c535d73bfbe87558bc49
global_step=46816 | return=24.17 | steps=229 | track=f36a9629f2aeb0b6974cdd46d153b1a4
global_step=47264 | return=-17.28 | steps=55 | track=2354cdadbe0b0829d3f2f78be2bea1f7
global_step=47280 | return=-59.83 | steps=93 | track=b680af0da87e9d44ad00e7c37d1ca4dd
global_step=47328 | return=-101.15 | steps=89 | track=ebe633f01eb01d4e04d3ca028e190829
global_step=47360 | return=-71.75 | steps=96 | track=5fe284f4b5050f0b7ece44fc9b0544fe
global_step=47392 | return=-144.54 | steps=131 | track=d788ccab122643bf89b3f4a404b38ced
global_step=47664 | return=-168.83 | steps=174 | track=04bcd968724fde4c6e599a2d0d09808b
global_step=47712 | return=-144.00 | steps=131 | track=b70470db2f79cd9cd93f15a64a1d0afe
global_step=47776 | return=-53.05 | steps=107 | track=2bc8d9b0bc49adc682f7b17068462430
global_step=47872 | return=19.16 | steps=69 | track=5e1de56242921b924e35302bf76e9ae6
global_step=48240 | return=-125.91 | steps=131 | track=4902ea6eb94d3510f0b78820e5e33529
global_step=48240 | return=-143.80 | steps=177 | track=ff9d71b2b3619690505f6a66459b71ba
global_step=48256 | return=-126.00 | steps=177 | track=3eea5b71066d241073fb27eff7ee0aed
global_step=48288 | return=-154.96 | steps=130 | track=36ad421047a25197d90bc9b31e26fff3
global_step=48624 | return=-37.55 | steps=76 | track=dd167a51c5ebcff418cfc0e763d1a374
global_step=48672 | return=-155.24 | steps=131 | track=37f393fd1a777f99edec1652a8fb2a7b
global_step=48800 | return=-131.36 | steps=130 | track=228daf8fbe5a8c8790fea069498aee78
global_step=48848 | return=6.85 | steps=66 | track=61ae1642fdf03e15d1be465e1a6afeca
global_step=48928 | return=-151.30 | steps=131 | track=4ae745b6509aac47a871dada6e94e704
global_step=49152, SPS=83
global_step=49200 | return=-122.79 | steps=114 | track=4b8a474fddc00cb56086de66c945c5d4
global_step=49344 | return=-8.67 | steps=65 | track=238b99c2984b4fb4a80e13724241695e
global_step=49392 | return=34.37 | steps=70 | track=1cc9b1a29e1777b46b18059842b3a029
global_step=49408 | return=-112.20 | steps=108 | track=631bf702fc2ae7cdbfa77ac3b5516b89
global_step=49440 | return=-146.08 | steps=131 | track=54359e60bca9c6dbb0fabca2752545cb
global_step=49968 | return=-152.97 | steps=130 | track=17fb04043a45df3591210119d917f379
global_step=50064 | return=-172.59 | steps=174 | track=f3de75239a6e83b26d811bd84c7c3a33
global_step=50064 | return=-72.25 | steps=146 | track=67846528b296028312ed040a29ec907a
global_step=50160 | return=-88.13 | steps=50 | track=fcafe8aec3d07d53e421726140c54cd0
global_step=50336 | return=-144.98 | steps=130 | track=619bddf8d57bf7b250a2fa5504f68e4f
global_step=50336 | return=-155.34 | steps=130 | track=37e162885196d20c75f9f08f7d81c7e0
global_step=50496 | return=-120.84 | steps=105 | track=0cb8130b2ff8cd33853fb227e3d56989
global_step=50560 | return=-73.12 | steps=101 | track=f721c52d4a8dbd90a2e48bdc40d919ed
global_step=50736 | return=-141.65 | steps=131 | track=589d105fde95aef6114726f7ac10d8e6
global_step=50784 | return=-156.01 | steps=131 | track=0d1c31574db8601b30357f61cbdfefd2
global_step=50944 | return=-146.20 | steps=130 | track=c4b0e77fd85fa725ce565bb4f523e313
global_step=51312 | return=-145.60 | steps=131 | track=cb4cbaacdd41193cf0626ff70c31a456
global_step=51408 | return=-101.33 | steps=89 | track=3142bd6b3f3655a1e1b2de78bcbd36ab
global_step=51440 | return=24.27 | steps=68 | track=3f4f170b850d72cfb7994d8ca6d65621
global_step=51456 | return=-0.64 | steps=69 | track=8ce08b6be8d36115a78ddae3a7eab166
global_step=51456 | return=-160.62 | steps=128 | track=da0611825f85134c78e6152e5422e099
global_step=51552 | return=-132.30 | steps=131 | track=ddde7223fda1798d0eaa47375b26b246
global_step=51712 | return=-130.56 | steps=96 | track=a82369b205365655a0f3db39f35af1be
global_step=52080 | return=-9.26 | steps=166 | track=a6eb18e69c45909ac45e0c816b52d6c5
global_step=52176 | return=-130.99 | steps=131 | track=6be23e209900d74583623350a9bd0193
global_step=52176 | return=-126.16 | steps=131 | track=c6595fd96d52d5670565922d0eb75b18
global_step=52272 | return=-55.48 | steps=44 | track=016da286288b2d5c56540c250a9eaa31
global_step=52848 | return=-127.00 | steps=142 | track=b1bf3a549356ce6dc2a73ee6cee77bcb
global_step=52848 | return=-145.11 | steps=131 | track=7a361e4abfa07e6c56ad8b4c84d8f858
global_step=52880 | return=-26.94 | steps=91 | track=dec301a2b6184888f97344dbe4d5c2eb
global_step=52928 | return=-122.05 | steps=91 | track=aa532609d1a3fcf1c47ba0cc982511cd
global_step=53056 | return=-109.18 | steps=141 | track=f69ce397eb70bb29fb269437632897bd
global_step=53104 | return=-176.96 | steps=363 | track=fc1994532e6fd8d22641132b78a9d7ad
global_step=53120 | return=32.35 | steps=163 | track=60ee7ae4b7ca411ef4466d56626cfc37
global_step=53136 | return=-120.77 | steps=105 | track=993bc81b9d482b8e2828635d5ada7e7d
global_step=53280 | return=-136.23 | steps=145 | track=6e971fe19ed120db77575f34c9cb9cc4
global_step=53424 | return=-159.21 | steps=131 | track=13c4768a81bda1633fedf3f68b665569
global_step=53568 | return=-143.06 | steps=131 | track=3c2f4f781485a8cb4794517171c90b02
global_step=53680 | return=-8.61 | steps=93 | track=607313ec340e63771d9df6e4d95ab7d9
global_step=53744 | return=-120.20 | steps=97 | track=251a1034c5863cf5e7bdf938edea1f26
global_step=53760 | return=-105.18 | steps=92 | track=d9a5c9089495b8273b0b1df9363d66e4
global_step=53824 | return=-143.59 | steps=131 | track=d09b9c265188fb44a9b974c3d3c6bd80
global_step=53872 | return=6.44 | steps=63 | track=b243e5960e4289686b2049a02f83d449
global_step=54096 | return=-9.59 | steps=64 | track=0f309e5050f7232737fef5d0aa30f82b
global_step=54192 | return=-146.55 | steps=131 | track=acbf3204a4278614e39b00882a1069dc
global_step=54688 | return=-21.45 | steps=62 | track=26448c733d8488e4db3606614c6e8f00
global_step=54960 | return=-139.46 | steps=131 | track=245deda407f8845a0a13ab36a5208905
global_step=55088 | return=-17.89 | steps=61 | track=e70f7be68888f4855c5debd3566eafde
global_step=55200 | return=-122.65 | steps=130 | track=97c742213c04796055e06c53cb52644b
global_step=55232 | return=-154.11 | steps=131 | track=d7b8bf0129938be08033d74ce69dd49f
global_step=55248 | return=-153.11 | steps=131 | track=a0774351ad537232cd78c0997294406a
global_step=55376 | return=-158.94 | steps=130 | track=f9c89d872adacd2c5b90f36aa0843c39
global_step=55456 | return=-176.69 | steps=160 | track=d24fafaac3c3427e56eefab5c0fbb09a
global_step=55488 | return=-75.46 | steps=107 | track=aca244c2481e27c7e7606097f5d01f74
global_step=55536 | return=-140.07 | steps=131 | track=b63a9926f388fdb05f8ad24cad3d2471
global_step=55664 | return=-151.65 | steps=130 | track=975e40d059ff5768c463c5c667dde668
global_step=55856 | return=-151.61 | steps=131 | track=4e9e21cd422d29a1010f9b626d7f53b9
global_step=55920 | return=-147.94 | steps=130 | track=adcaaa2cff2d425d8851a4fbb7b5864b
global_step=55984 | return=-140.92 | steps=131 | track=6c7cba3c8ed7ce5b89d6caf2c1be63fa
global_step=56288 | return=-140.18 | steps=130 | track=c93c5483a26af613afff4547722dfd93
global_step=56432 | return=0.35 | steps=65 | track=28803c41d4b1804518ef353609d0a55d
global_step=56720 | return=26.47 | steps=65 | track=51f57238c70a6e65efb4204462533793
global_step=56752 | return=-69.48 | steps=93 | track=f628cd729c42117a07c38943d629d2d6
global_step=56800 | return=-155.16 | steps=131 | track=95b2f770e6cba59faf367bdc09b060ed
global_step=57056 | return=-149.35 | steps=130 | track=2cae95666f931728e85f838961550eca
global_step=57184 | return=-145.59 | steps=130 | track=50b8107b01fd9159593cacfa60c60291
global_step=57280 | return=-22.39 | steps=52 | track=94c4c8b540c6fabc4b0909df6e7b081d
global_step=57312 | return=-148.83 | steps=131 | track=86f3991e91a8a757c1681965adb717bb
global_step=57312 | return=-83.23 | steps=129 | track=f5b281e8106b9660b1deb7a548741aff
global_step=57632 | return=-150.30 | steps=130 | track=6a1f84417999d31bb548d48d21f1a16a
global_step=57664 | return=-74.03 | steps=295 | track=110950648c6e79fa12d3a6768edb6927
global_step=57952 | return=-148.00 | steps=130 | track=c97de33ab55300455e89bbd50aa40aed
global_step=58016 | return=-147.97 | steps=130 | track=8a5fe8523dd5f793899510c2031424e1
global_step=58080 | return=-149.96 | steps=130 | track=12effa7f2c1c691535f3a5a8ef58d401
global_step=58320 | return=-89.50 | steps=99 | track=77cb87fe044508d3ed04b9998bc7110b
global_step=58384 | return=-124.95 | steps=130 | track=8afe85c71f92c6f1c52c2e4e2aa73682
global_step=58720 | return=-113.47 | steps=201 | track=b60ad39e0a498eac8837c67028cb02a1
global_step=58816 | return=0.31 | steps=73 | track=f10624cd8b5cf8b030c73988d8b20872
global_step=58880 | return=-199.10 | steps=213 | track=9beb217417659202ba7b39f24e5e63f6
global_step=58912 | return=-136.65 | steps=131 | track=c4e6009d02d0e362e1cd5db55beea327
global_step=59072 | return=6.32 | steps=65 | track=e5e378ac9a03d9720f51a834cf5365dc
global_step=59120 | return=-84.79 | steps=147 | track=b7bcdc891319578dc0350ab1bc8f4ade
global_step=59152 | return=-54.81 | steps=92 | track=e0fa988e13491587e82ad76b22e2aa7d
global_step=59152 | return=-150.90 | steps=130 | track=bb88c9c5bef946025a07e18ee626d84a
global_step=59280 | return=-150.47 | steps=130 | track=5e17c27a0d033aad9043c3b339d738d1
global_step=59392 | return=-139.21 | steps=131 | track=8f1f9045ad760df5e2b1892ad9f52228
global_step=59392 | return=-33.22 | steps=66 | track=3f7da90bdd69119295a1c70a11d3b905
global_step=59424 | return=-140.92 | steps=131 | track=e5542d7f4622c311d597169f47926c63
global_step=59728 | return=-26.12 | steps=62 | track=c4e564b9e9cdc1f47af4654bc6d624b4
global_step=60064 | return=-121.41 | steps=131 | track=265f718d1bf8a655db53e1ebe0b9ae86
global_step=60096 | return=-13.45 | steps=60 | track=d75e0a9360e98b6e185918fbc1dfdc1d
global_step=60192 | return=-125.40 | steps=131 | track=cf26d2dd91ded6fc7c3e391019cae816
global_step=60496 | return=-136.87 | steps=131 | track=5b10a1fe087f81cd9add4a50ff2292e2
global_step=60928 | return=-148.36 | steps=131 | track=8af73694e6182d161855d30b4d814654
global_step=60992 | return=-137.14 | steps=131 | track=dbbab7d85e1b4911f091f0a10ef512e7
global_step=61008 | return=-214.99 | steps=230 | track=047214c7bccefc0f24632ecf6059731a
global_step=61184 | return=-131.20 | steps=131 | track=0ac31b35412e1a85817284e98c5a3b9a
global_step=61216 | return=-79.10 | steps=69 | track=c1776f0b9de8619a3be3124594255597
global_step=61248 | return=-155.98 | steps=130 | track=9bf4462f8c1fc42e187fc88eba2776e2
global_step=61264 | return=-136.60 | steps=131 | track=c106b9830b2c98a054b22a63f2bd27b3
global_step=61488 | return=-48.50 | steps=137 | track=dae8f9dc245122449f18ef82aab639d9
global_step=61504 | return=-142.96 | steps=131 | track=d690e46ee8a9a7028306d8eca25e2cdd
global_step=61504 | return=-146.77 | steps=131 | track=e79aaee0989d67e7037c7c7a56ba286d
global_step=61536 | return=-151.09 | steps=131 | track=6738e6e562122adc35c045ecce48ce5c
global_step=61920 | return=-152.39 | steps=187 | track=0eecc848bcb8a777c05693426c1fc448
global_step=62000 | return=-131.13 | steps=120 | track=800e564015b43b5a8c2332f5cdc248b8
global_step=62496 | return=-79.48 | steps=172 | track=7d82a381373af53ece2a238ed35f27fc
global_step=62528 | return=-70.57 | steps=145 | track=cfcd1a7615bbc40935fb66eb154dbaa4
global_step=62592 | return=-123.80 | steps=98 | track=833a4b0c35b55a492825c93c60bb9842
global_step=62608 | return=-151.56 | steps=131 | track=6aba593ed14e35b73b5162ed7c453231
global_step=62960 | return=-121.00 | steps=110 | track=8a55ff97419f9b467318b73533a80070
global_step=62976 | return=-120.16 | steps=107 | track=bf5ec951ca50fe1dcb49508ab7cac0c0
global_step=63104 | return=-152.35 | steps=131 | track=66f1f1f3fe02240b7b7ebc4330c86a89
global_step=63296 | return=-161.30 | steps=129 | track=9179cc6a445d0dfb4fd333afa4d87abd
global_step=63360 | return=16.86 | steps=84 | track=8de6f530e9bc37fd3e56025f0b789a76
global_step=63360 | return=-160.76 | steps=130 | track=6090cb4e7f252f895363b018107ed3e6
global_step=63584 | return=-153.35 | steps=130 | track=99335c234bcb8c79ca4c49484fb2b2e9
global_step=63616 | return=-141.87 | steps=131 | track=67a6021cbf0da8d21ff9a609dc73980f
global_step=63648 | return=-100.43 | steps=65 | track=fcda2aa686c2769f789b39a1d435f52b
global_step=63728 | return=14.16 | steps=69 | track=a6b55b2960a998d64934c3f4fe886d1c
global_step=63952 | return=-46.33 | steps=152 | track=3c549921b9003a045cc4deaa6721d6b4
global_step=64016 | return=-133.82 | steps=130 | track=b2edbc817b52db9a43849e78d7da92ec
global_step=64592 | return=-153.99 | steps=130 | track=2085b9d2b8b27a080613566ccd8f4ecd
global_step=64640 | return=-137.93 | steps=131 | track=ff9ea54f2a5fda17b4f98742914875da
global_step=65040 | return=-103.49 | steps=88 | track=84a29fbdd489848098c1ecd53cd9cee4
global_step=65072 | return=-138.64 | steps=131 | track=d76cd91e9a26e39d20ec5e2a70ea047e
global_step=65072 | return=-150.90 | steps=130 | track=89e83dfaf960bf109341ca2b1e456f8b
global_step=65168 | return=12.94 | steps=71 | track=64c5d4574657aa91e6b847f99daf2c72
global_step=65248 | return=-180.99 | steps=269 | track=ac38ccd05eb9f8f8a1ef40337f2f8baa
global_step=65408 | return=-153.57 | steps=131 | track=4b6f6d5bd58eb8fca09c239351fbe3e6
global_step=65456 | return=-158.08 | steps=130 | track=c7bd15388748e4ec8c28e14173c0e43e
global_step=65472 | return=-137.58 | steps=131 | track=6f07d539808e50b586a7d9ce30218bea
global_step=65536, SPS=80
global_step=65696 | return=-137.41 | steps=131 | track=0eff6088f723bdd5a7895338213513aa
global_step=65744 | return=-147.95 | steps=130 | track=2ec36a2c2d77c9f799868293e7e88904
global_step=65840 | return=-150.40 | steps=131 | track=aa96bf9a2aafa21cde696656bcba2633
global_step=66064 | return=-152.17 | steps=131 | track=869c52858558ead89ae86f8ef536398c
global_step=66352 | return=-44.00 | steps=300 | track=4c568d7dc11d486d8d3c42f8c4194fb6
global_step=66704 | return=-154.39 | steps=131 | track=c3d8e004e3ea318cc1eb88571662d185
global_step=66736 | return=-153.80 | steps=130 | track=f69e59ceaca0c8390034c6df5ac77f35
global_step=66768 | return=-6.39 | steps=63 | track=cb3dcb66d8d4716b972ac7e3744fd65e
global_step=67152 | return=-151.48 | steps=131 | track=4dc97d07f7fceaa790c1db9f8d09d4d1
global_step=67184 | return=-129.30 | steps=131 | track=67ca4e8298fb042ef92f8d1eccaa221f
global_step=67216 | return=-118.55 | steps=109 | track=66fffb545e6b453046c9a318e097d3f6
global_step=67264 | return=-148.00 | steps=130 | track=f69ed2db0f93cceb4b8b6b3f85ae0e75
global_step=67360 | return=-132.73 | steps=131 | track=fbcb33a8ac5bc4046367322ca99856ed
global_step=67440 | return=-115.15 | steps=270 | track=2590c7cbf9060ce31cdc1e2308bf2c5c
global_step=67520 | return=-149.51 | steps=131 | track=b95cb106ccd32faf4cce1aa08c9c8f31
global_step=67536 | return=-34.26 | steps=47 | track=d8f51fdb32d1b8584e05161cc28701ac
global_step=67584 | return=-138.73 | steps=131 | track=10744e15bb354c9b466ef0d156409dad
global_step=67792 | return=-143.38 | steps=130 | track=531158632bd9ec3b16deb194ad72ecfa
global_step=68000 | return=-32.40 | steps=48 | track=4766f1b808fcc6573f926f74e4ec6d81
global_step=68176 | return=-147.60 | steps=131 | track=e74d360b1c5cc8abae0e699e82f5485e
global_step=68208 | return=-18.49 | steps=63 | track=45bf4ce07410836fddcf560a1ab7014a
global_step=68464 | return=-134.53 | steps=131 | track=228186b78ecda447c524f1c662d97c5b
global_step=68464 | return=-30.95 | steps=74 | track=6e4d81cd66679389358a56d755755564
global_step=68480 | return=-125.20 | steps=164 | track=4cca5c42a31fa77e2b58f24ce6c29311
global_step=68576 | return=-24.29 | steps=61 | track=723dd1be63ad63e7e1233a49ebd2425d
global_step=68640 | return=-101.58 | steps=222 | track=90126ccbd7b0193fc7227af4a65ba0b5
global_step=68704 | return=3.00 | steps=72 | track=aa886a1d2ff096041f9e828477f1fbe3
global_step=68768 | return=-151.74 | steps=128 | track=615d1b4382528045424222a9c9eba6bb
global_step=68848 | return=-149.30 | steps=131 | track=b741133f291e9a2838b959194b94aa2d
global_step=69120 | return=50.18 | steps=69 | track=d53f50e6fb1d47427846d647811e1904
global_step=69248 | return=-121.16 | steps=130 | track=22b60902193466e60145387fdfcfb2f2
global_step=69488 | return=-10.22 | steps=63 | track=6d42d62105e2f9d2d0d00a9a98a8fb21
global_step=69552 | return=-136.35 | steps=131 | track=7bc45c19675bc5d80486724df65c0aed
global_step=69568 | return=-125.29 | steps=110 | track=699f40cc0287b7e5df5074725e4bafa5
global_step=69632 | return=-76.90 | steps=141 | track=79a8311ade95382557aba7c4b076f9b9
global_step=69632 | return=-144.64 | steps=131 | track=859222479242de7bd49e5a0d7fec4de0
global_step=69632 | return=-20.31 | steps=61 | track=622f4fd510e68c234e1a6283c6c277d2
global_step=70320 | return=-144.10 | steps=131 | track=ad889d1bae77b661a76774781812c782
global_step=70320 | return=-21.12 | steps=74 | track=4d35b8cf111607aa19ce9ad49999e2de
global_step=70352 | return=-64.49 | steps=48 | track=a2d145db70670f064eb6aee9f8654fd5
global_step=70576 | return=-101.36 | steps=130 | track=781ba378d815716d6bbbde330de4015a
global_step=70576 | return=-144.90 | steps=131 | track=3ed1e28b0c44245b8dcd7e4c517f9322
global_step=70672 | return=-15.78 | steps=155 | track=3aca7cfa9862ce2878b12173f2d5d994
global_step=70816 | return=-142.24 | steps=131 | track=de216786504b3dbcc6b79bb992efe0b0
global_step=70960 | return=-145.35 | steps=131 | track=bbb83e6b1a5d04b7eabe8d25b8fd66b3
global_step=71360 | return=-142.40 | steps=131 | track=c4da62f6181d0aca8d0afe7e7e80e710
global_step=71600 | return=-154.47 | steps=131 | track=53ca5488513691c858e5823c7a5941b9
global_step=71664 | return=-144.19 | steps=131 | track=10d9e5532bf430cef854b519be95d710
global_step=71728 | return=-138.30 | steps=130 | track=615acee6115cae1c59e29fcef65855b0
global_step=71792 | return=32.87 | steps=188 | track=564d26ef560fd1187d6bd02e2261ad02
global_step=71888 | return=-64.53 | steps=81 | track=8beb0b3463037034c9b110189beecf09
global_step=72256 | return=-102.37 | steps=89 | track=38b8fb602aa0f699ddc7b75c8c70191c
global_step=72416 | return=-150.90 | steps=130 | track=9a417f738b2887c47812f5c391763fa5
global_step=72432 | return=-129.89 | steps=131 | track=60666e5bd55af4131dda2a7b14340d21
global_step=72464 | return=-149.10 | steps=131 | track=285e4f2cbf1341503dc9b76b714fedda
global_step=72640 | return=15.73 | steps=64 | track=faf70da9cbb004a0d33463d97ccf3e62
global_step=72688 | return=-150.01 | steps=131 | track=7a80f6af8da076567e116ffe4c28d28c
global_step=72784 | return=-134.94 | steps=196 | track=ad4af742dabf1bffb6d19ab361a64c44
global_step=72928 | return=7.09 | steps=64 | track=175fb53e819216529409b8518cf710d2
global_step=73120 | return=-64.78 | steps=152 | track=2df30aff80e844c895b3b7202943c017
global_step=73472 | return=-137.67 | steps=131 | track=c66d114bfe69492bf8dfaab80da6839f
global_step=73472 | return=-57.62 | steps=108 | track=58947b308f6529e343dec15a96be3615
global_step=73536 | return=-85.37 | steps=160 | track=cdeba86e936487841ed621a4c5a1f82c
global_step=73696 | return=-56.12 | steps=56 | track=2c3838e0076b25f93620c4cb933b4b53
global_step=73760 | return=-19.43 | steps=66 | track=3a8200b48e7c38ea83dddbbd2e7548e0
global_step=73776 | return=-139.14 | steps=131 | track=0b8450f382aefd17a116a014c4937ac3
global_step=73904 | return=-143.43 | steps=131 | track=13fbf1cb57c875d4350ee998d6012449
global_step=74192 | return=-63.26 | steps=44 | track=fd435699232fdcb849499a7da74880bc
global_step=74304 | return=-60.67 | steps=47 | track=c995d610d366c34187e9cee8abfea8e6
global_step=74336 | return=-82.35 | steps=293 | track=81f01f17c932212bf0fb1ec89b8602fc
global_step=74368 | return=-137.66 | steps=131 | track=e2420f51c11d832562d8ec0ed7d88d48
global_step=75024 | return=-144.16 | steps=130 | track=6ed6ba2fe4af020ea90f4bc6d384b4e1
global_step=75264 | return=-65.28 | steps=97 | track=4f64e3d3d1f0d34bc0945ec8d506dfce
global_step=75328 | return=-145.71 | steps=178 | track=c0ab373a516ad76396a8a85514239308
global_step=75360 | return=-143.05 | steps=139 | track=f51aa50550be7d7078bc4698c2e3ce26
global_step=75584 | return=-150.90 | steps=131 | track=e0053ecc4df0347193226c9f524d12ff
global_step=75648 | return=-128.76 | steps=200 | track=e4e7590e19681e3d9bfaed725ee80e64
global_step=75728 | return=-34.59 | steps=88 | track=3fe565cc0eeb1c66bc8ce5777d4e4d81
