/home/UFAD/tcuevasmestanza/.conda/envs/racing/lib/python3.12/site-packages/tyro/_parsers.py:353: UserWarning: The field `track-seed` is annotated with type `<class 'int'>`, but the default value `None` has type `<class 'NoneType'>`. We'll try to handle this gracefully, but it may cause unexpected behavior.
  warnings.warn(message)
/home/UFAD/tcuevasmestanza/.conda/envs/racing/lib/python3.12/site-packages/tyro/_parsers.py:353: UserWarning: The field `wandb-entity` is annotated with type `<class 'str'>`, but the default value `None` has type `<class 'NoneType'>`. We'll try to handle this gracefully, but it may cause unexpected behavior.
  warnings.warn(message)
/home/UFAD/tcuevasmestanza/.conda/envs/racing/lib/python3.12/site-packages/tyro/_parsers.py:353: UserWarning: The field `target-kl` is annotated with type `<class 'float'>`, but the default value `None` has type `<class 'NoneType'>`. We'll try to handle this gracefully, but it may cause unexpected behavior.
  warnings.warn(message)
/home/UFAD/tcuevasmestanza/.conda/envs/racing/lib/python3.12/site-packages/tyro/_parsers.py:353: UserWarning: The field `resume-path` is annotated with type `<class 'str'>`, but the default value `None` has type `<class 'NoneType'>`. We'll try to handle this gracefully, but it may cause unexpected behavior.
  warnings.warn(message)
Experiment info saved → runs/adaptive_fps_track_aware_lstm/CarRacing_VarFramerate_WO_Time_Pen_fc_2.2_bud_180_04-08-14-38-13/info_settings.txt
Device: cpu
Navigation model path: experiments/navigation/CarRacing-v3__train__1__1785768450/final.pt
Env: CarRacing_VarFramerate_WO_Time_Pen  Wrapper: AdaptiveFPS_TrackAware_Wrapper
Navigation Model loaded on cpu
Navigation Model loaded on cpu
Navigation Model loaded on cpu
Navigation Model loaded on cpu
Navigation Model loaded on cpu
Navigation Model loaded on cpu
Navigation Model loaded on cpu
Navigation Model loaded on cpu
Navigation Model loaded on cpu
WITHOUT TIME PENALTY
WITHOUT TIME PENALTY
WITHOUT TIME PENALTY
WITHOUT TIME PENALTY
WITHOUT TIME PENALTY
WITHOUT TIME PENALTY
WITHOUT TIME PENALTY
WITHOUT TIME PENALTY
WITHOUT TIME PENALTY
WITHOUT TIME PENALTY
WITHOUT TIME PENALTY
WITHOUT TIME PENALTY
WITHOUT TIME PENALTY
WITHOUT TIME PENALTY
WITHOUT TIME PENALTY
WITHOUT TIME PENALTY
WITHOUT TIME PENALTY
WITHOUT TIME PENALTY
WITHOUT TIME PENALTY
WITHOUT TIME PENALTYWITHOUT TIME PENALTY

WITHOUT TIME PENALTY
WITHOUT TIME PENALTY
WITHOUT TIME PENALTY
WITHOUT TIME PENALTY
WITHOUT TIME PENALTY
WITHOUT TIME PENALTY
WITHOUT TIME PENALTY
WITHOUT TIME PENALTY
WITHOUT TIME PENALTY
WITHOUT TIME PENALTY
WITHOUT TIME PENALTYWITHOUT TIME PENALTY
WITHOUT TIME PENALTY

WITHOUT TIME PENALTY
WITHOUT TIME PENALTY
WITHOUT TIME PENALTY
WITHOUT TIME PENALTY
WITHOUT TIME PENALTY
WITHOUT TIME PENALTY
WITHOUT TIME PENALTY
WITHOUT TIME PENALTY
WITHOUT TIME PENALTY
WITHOUT TIME PENALTY
WITHOUT TIME PENALTY
WITHOUT TIME PENALTY
WITHOUT TIME PENALTY
WITHOUT TIME PENALTY
WITHOUT TIME PENALTY
WITHOUT TIME PENALTY
WITHOUT TIME PENALTY
WITHOUT TIME PENALTY
WITHOUT TIME PENALTY
WITHOUT TIME PENALTY
WITHOUT TIME PENALTY
WITHOUT TIME PENALTY
WITHOUT TIME PENALTY
WITHOUT TIME PENALTY
WITHOUT TIME PENALTY
WITHOUT TIME PENALTY
WITHOUT TIME PENALTY
WITHOUT TIME PENALTY
WITHOUT TIME PENALTY
WITHOUT TIME PENALTY
WITHOUT TIME PENALTY
WITHOUT TIME PENALTY
WITHOUT TIME PENALTY
WITHOUT TIME PENALTY
WITHOUT TIME PENALTY
WITHOUT TIME PENALTY
WITHOUT TIME PENALTY
WITHOUT TIME PENALTY
WITHOUT TIME PENALTY
WITHOUT TIME PENALTY
WITHOUT TIME PENALTY
WITHOUT TIME PENALTY
WITHOUT TIME PENALTY
WITHOUT TIME PENALTY
WITHOUT TIME PENALTY
WITHOUT TIME PENALTY
WITHOUT TIME PENALTY
WITHOUT TIME PENALTY
WITHOUT TIME PENALTY
WITHOUT TIME PENALTY
WITHOUT TIME PENALTY
WITHOUT TIME PENALTY
WITHOUT TIME PENALTY
WITHOUT TIME PENALTY
WITHOUT TIME PENALTY
WITHOUT TIME PENALTY
WITHOUT TIME PENALTY
WITHOUT TIME PENALTY
WITHOUT TIME PENALTY
WITHOUT TIME PENALTY
WITHOUT TIME PENALTY
WITHOUT TIME PENALTY
WITHOUT TIME PENALTY
WITHOUT TIME PENALTY
WITHOUT TIME PENALTY
WITHOUT TIME PENALTY
WITHOUT TIME PENALTY
WITHOUT TIME PENALTY
WITHOUT TIME PENALTY
WITHOUT TIME PENALTY
WITHOUT TIME PENALTY
WITHOUT TIME PENALTY
WITHOUT TIME PENALTY
WITHOUT TIME PENALTY
WITHOUT TIME PENALTY
WITHOUT TIME PENALTY
WITHOUT TIME PENALTY
WITHOUT TIME PENALTY
WITHOUT TIME PENALTY
WITHOUT TIME PENALTY
WITHOUT TIME PENALTY
WITHOUT TIME PENALTY
WITHOUT TIME PENALTY
WITHOUT TIME PENALTY
WITHOUT TIME PENALTY
WITHOUT TIME PENALTY
WITHOUT TIME PENALTY
WITHOUT TIME PENALTY
WITHOUT TIME PENALTY
WITHOUT TIME PENALTY
WITHOUT TIME PENALTY
WITHOUT TIME PENALTY
WITHOUT TIME PENALTY
WITHOUT TIME PENALTY
WITHOUT TIME PENALTY
WITHOUT TIME PENALTY
WITHOUT TIME PENALTY
WITHOUT TIME PENALTY
WITHOUT TIME PENALTY
WITHOUT TIME PENALTY
WITHOUT TIME PENALTY
WITHOUT TIME PENALTY
WITHOUT TIME PENALTY
WITHOUT TIME PENALTY
WITHOUT TIME PENALTY
WITHOUT TIME PENALTY
WITHOUT TIME PENALTY
WITHOUT TIME PENALTY
WITHOUT TIME PENALTYWITHOUT TIME PENALTY

WITHOUT TIME PENALTY
WITHOUT TIME PENALTY
WITHOUT TIME PENALTY
WITHOUT TIME PENALTY
WITHOUT TIME PENALTY
WITHOUT TIME PENALTY
WITHOUT TIME PENALTY
WITHOUT TIME PENALTY
WITHOUT TIME PENALTY
WITHOUT TIME PENALTY
WITHOUT TIME PENALTY
WITHOUT TIME PENALTY
WITHOUT TIME PENALTY
WITHOUT TIME PENALTY
WITHOUT TIME PENALTY
WITHOUT TIME PENALTY
WITHOUT TIME PENALTY
WITHOUT TIME PENALTY
WITHOUT TIME PENALTY
WITHOUT TIME PENALTY
WITHOUT TIME PENALTY
WITHOUT TIME PENALTY
WITHOUT TIME PENALTY
WITHOUT TIME PENALTY
WITHOUT TIME PENALTY
WITHOUT TIME PENALTY
WITHOUT TIME PENALTY
WITHOUT TIME PENALTY
WITHOUT TIME PENALTY
WITHOUT TIME PENALTY
WITHOUT TIME PENALTY
WITHOUT TIME PENALTY
WITHOUT TIME PENALTY
WITHOUT TIME PENALTY
WITHOUT TIME PENALTY
WITHOUT TIME PENALTY
WITHOUT TIME PENALTY
WITHOUT TIME PENALTY
WITHOUT TIME PENALTY
WITHOUT TIME PENALTY
WITHOUT TIME PENALTY
WITHOUT TIME PENALTY
WITHOUT TIME PENALTY
WITHOUT TIME PENALTY
WITHOUT TIME PENALTY
WITHOUT TIME PENALTY
WITHOUT TIME PENALTY
WITHOUT TIME PENALTY
WITHOUT TIME PENALTY
WITHOUT TIME PENALTY
WITHOUT TIME PENALTY
WITHOUT TIME PENALTY
WITHOUT TIME PENALTY
WITHOUT TIME PENALTY
WITHOUT TIME PENALTY
WITHOUT TIME PENALTY
WITHOUT TIME PENALTY
WITHOUT TIME PENALTY
WITHOUT TIME PENALTY
WITHOUT TIME PENALTY
WITHOUT TIME PENALTY
WITHOUT TIME PENALTY
WITHOUT TIME PENALTY
WITHOUT TIME PENALTY
WITHOUT TIME PENALTY
WITHOUT TIME PENALTY
WITHOUT TIME PENALTY
WITHOUT TIME PENALTY
WITHOUT TIME PENALTY
WITHOUT TIME PENALTY
WITHOUT TIME PENALTY
WITHOUT TIME PENALTY
WITHOUT TIME PENALTY
WITHOUT TIME PENALTY
WITHOUT TIME PENALTY
WITHOUT TIME PENALTY
WITHOUT TIME PENALTY
WITHOUT TIME PENALTY
WITHOUT TIME PENALTY
WITHOUT TIME PENALTY
WITHOUT TIME PENALTY
WITHOUT TIME PENALTY
WITHOUT TIME PENALTY
WITHOUT TIME PENALTY
WITHOUT TIME PENALTY
WITHOUT TIME PENALTY
WITHOUT TIME PENALTY
WITHOUT TIME PENALTY
WITHOUT TIME PENALTY
WITHOUT TIME PENALTY
WITHOUT TIME PENALTY
WITHOUT TIME PENALTY
WITHOUT TIME PENALTY
WITHOUT TIME PENALTY
WITHOUT TIME PENALTY
WITHOUT TIME PENALTY
WITHOUT TIME PENALTY
WITHOUT TIME PENALTY
WITHOUT TIME PENALTY
WITHOUT TIME PENALTY
WITHOUT TIME PENALTY
WITHOUT TIME PENALTY
WITHOUT TIME PENALTY
WITHOUT TIME PENALTY
WITHOUT TIME PENALTY
WITHOUT TIME PENALTY
WITHOUT TIME PENALTY
WITHOUT TIME PENALTY
WITHOUT TIME PENALTY
WITHOUT TIME PENALTY
WITHOUT TIME PENALTY
WITHOUT TIME PENALTY
WITHOUT TIME PENALTY
WITHOUT TIME PENALTY
WITHOUT TIME PENALTY
WITHOUT TIME PENALTY
WITHOUT TIME PENALTY
WITHOUT TIME PENALTY
WITHOUT TIME PENALTY
WITHOUT TIME PENALTY
WITHOUT TIME PENALTY
WITHOUT TIME PENALTYWITHOUT TIME PENALTY

WITHOUT TIME PENALTY
WITHOUT TIME PENALTY
WITHOUT TIME PENALTY
WITHOUT TIME PENALTY
WITHOUT TIME PENALTY
WITHOUT TIME PENALTY
WITHOUT TIME PENALTY
WITHOUT TIME PENALTY
WITHOUT TIME PENALTY
WITHOUT TIME PENALTY
WITHOUT TIME PENALTY
WITHOUT TIME PENALTY
WITHOUT TIME PENALTY
WITHOUT TIME PENALTY
WITHOUT TIME PENALTY
WITHOUT TIME PENALTY
WITHOUT TIME PENALTY
WITHOUT TIME PENALTY
WITHOUT TIME PENALTY
WITHOUT TIME PENALTY
WITHOUT TIME PENALTY
WITHOUT TIME PENALTY
WITHOUT TIME PENALTY
WITHOUT TIME PENALTY
WITHOUT TIME PENALTY
WITHOUT TIME PENALTY
WITHOUT TIME PENALTY
WITHOUT TIME PENALTY
WITHOUT TIME PENALTY
WITHOUT TIME PENALTY
WITHOUT TIME PENALTYWITHOUT TIME PENALTY

WITHOUT TIME PENALTY
WITHOUT TIME PENALTY
WITHOUT TIME PENALTY
WITHOUT TIME PENALTY
WITHOUT TIME PENALTY
WITHOUT TIME PENALTY
WITHOUT TIME PENALTY
WITHOUT TIME PENALTY
WITHOUT TIME PENALTY
WITHOUT TIME PENALTY
WITHOUT TIME PENALTY
WITHOUT TIME PENALTY
WITHOUT TIME PENALTY
WITHOUT TIME PENALTY
WITHOUT TIME PENALTY
WITHOUT TIME PENALTYWITHOUT TIME PENALTY

WITHOUT TIME PENALTY
WITHOUT TIME PENALTY
WITHOUT TIME PENALTY
WITHOUT TIME PENALTY
WITHOUT TIME PENALTY
WITHOUT TIME PENALTY
WITHOUT TIME PENALTY
WITHOUT TIME PENALTY
WITHOUT TIME PENALTY
WITHOUT TIME PENALTY
WITHOUT TIME PENALTY
WITHOUT TIME PENALTY
WITHOUT TIME PENALTY
WITHOUT TIME PENALTY
WITHOUT TIME PENALTY
WITHOUT TIME PENALTY
WITHOUT TIME PENALTY
WITHOUT TIME PENALTY
WITHOUT TIME PENALTY
WITHOUT TIME PENALTY
WITHOUT TIME PENALTY
WITHOUT TIME PENALTY
WITHOUT TIME PENALTY
WITHOUT TIME PENALTY
WITHOUT TIME PENALTY
WITHOUT TIME PENALTY
WITHOUT TIME PENALTY
WITHOUT TIME PENALTY
WITHOUT TIME PENALTY
WITHOUT TIME PENALTY
WITHOUT TIME PENALTY
WITHOUT TIME PENALTY
WITHOUT TIME PENALTY
WITHOUT TIME PENALTY
WITHOUT TIME PENALTY
WITHOUT TIME PENALTY
WITHOUT TIME PENALTY
WITHOUT TIME PENALTY
WITHOUT TIME PENALTY
WITHOUT TIME PENALTY
WITHOUT TIME PENALTY
WITHOUT TIME PENALTY
WITHOUT TIME PENALTY
WITHOUT TIME PENALTY
WITHOUT TIME PENALTY
WITHOUT TIME PENALTY
WITHOUT TIME PENALTY
WITHOUT TIME PENALTY
WITHOUT TIME PENALTY
WITHOUT TIME PENALTY
WITHOUT TIME PENALTY
WITHOUT TIME PENALTY
WITHOUT TIME PENALTY
WITHOUT TIME PENALTY
WITHOUT TIME PENALTY
WITHOUT TIME PENALTY
WITHOUT TIME PENALTY
WITHOUT TIME PENALTY
WITHOUT TIME PENALTY
WITHOUT TIME PENALTY
WITHOUT TIME PENALTY
WITHOUT TIME PENALTY
WITHOUT TIME PENALTY
WITHOUT TIME PENALTY
WITHOUT TIME PENALTY
WITHOUT TIME PENALTY
WITHOUT TIME PENALTY
WITHOUT TIME PENALTY
WITHOUT TIME PENALTY
WITHOUT TIME PENALTY
WITHOUT TIME PENALTY
WITHOUT TIME PENALTY
WITHOUT TIME PENALTY
WITHOUT TIME PENALTY
WITHOUT TIME PENALTY
WITHOUT TIME PENALTY
WITHOUT TIME PENALTY
WITHOUT TIME PENALTY
WITHOUT TIME PENALTY
WITHOUT TIME PENALTY
WITHOUT TIME PENALTY
WITHOUT TIME PENALTY
WITHOUT TIME PENALTY
WITHOUT TIME PENALTY
WITHOUT TIME PENALTY
WITHOUT TIME PENALTY
WITHOUT TIME PENALTY
WITHOUT TIME PENALTY
WITHOUT TIME PENALTY
WITHOUT TIME PENALTY
WITHOUT TIME PENALTY
WITHOUT TIME PENALTY
WITHOUT TIME PENALTY
WITHOUT TIME PENALTY
WITHOUT TIME PENALTY
WITHOUT TIME PENALTY
WITHOUT TIME PENALTY
WITHOUT TIME PENALTY
WITHOUT TIME PENALTY
WITHOUT TIME PENALTY
WITHOUT TIME PENALTY
WITHOUT TIME PENALTY
WITHOUT TIME PENALTY
WITHOUT TIME PENALTY
WITHOUT TIME PENALTY
WITHOUT TIME PENALTY
WITHOUT TIME PENALTY
WITHOUT TIME PENALTY
WITHOUT TIME PENALTY
WITHOUT TIME PENALTY
WITHOUT TIME PENALTY
WITHOUT TIME PENALTY
WITHOUT TIME PENALTY
WITHOUT TIME PENALTY
WITHOUT TIME PENALTY
WITHOUT TIME PENALTY
WITHOUT TIME PENALTY
WITHOUT TIME PENALTY
WITHOUT TIME PENALTY
WITHOUT TIME PENALTY
WITHOUT TIME PENALTY
WITHOUT TIME PENALTY
WITHOUT TIME PENALTY
WITHOUT TIME PENALTY
WITHOUT TIME PENALTY
WITHOUT TIME PENALTY
WITHOUT TIME PENALTY
WITHOUT TIME PENALTY
WITHOUT TIME PENALTY
WITHOUT TIME PENALTY
WITHOUT TIME PENALTY
WITHOUT TIME PENALTY
WITHOUT TIME PENALTY
WITHOUT TIME PENALTY
WITHOUT TIME PENALTY
WITHOUT TIME PENALTY
WITHOUT TIME PENALTY
WITHOUT TIME PENALTY
WITHOUT TIME PENALTY
WITHOUT TIME PENALTY
WITHOUT TIME PENALTY
WITHOUT TIME PENALTY
WITHOUT TIME PENALTY
WITHOUT TIME PENALTY
WITHOUT TIME PENALTY
WITHOUT TIME PENALTY
WITHOUT TIME PENALTY
WITHOUT TIME PENALTY
WITHOUT TIME PENALTY
WITHOUT TIME PENALTY
WITHOUT TIME PENALTY
WITHOUT TIME PENALTY
WITHOUT TIME PENALTY
WITHOUT TIME PENALTY
WITHOUT TIME PENALTY
WITHOUT TIME PENALTY
WITHOUT TIME PENALTY
WITHOUT TIME PENALTY
WITHOUT TIME PENALTY
WITHOUT TIME PENALTY
WITHOUT TIME PENALTY
WITHOUT TIME PENALTY
WITHOUT TIME PENALTY
WITHOUT TIME PENALTY
WITHOUT TIME PENALTY
WITHOUT TIME PENALTY
WITHOUT TIME PENALTY
WITHOUT TIME PENALTY
WITHOUT TIME PENALTY
WITHOUT TIME PENALTY
WITHOUT TIME PENALTY
WITHOUT TIME PENALTY
WITHOUT TIME PENALTY
WITHOUT TIME PENALTY
WITHOUT TIME PENALTY
WITHOUT TIME PENALTY
WITHOUT TIME PENALTY
WITHOUT TIME PENALTY
WITHOUT TIME PENALTY
WITHOUT TIME PENALTY
WITHOUT TIME PENALTY
WITHOUT TIME PENALTY
WITHOUT TIME PENALTY
WITHOUT TIME PENALTY
WITHOUT TIME PENALTY
WITHOUT TIME PENALTY
WITHOUT TIME PENALTY
WITHOUT TIME PENALTY
WITHOUT TIME PENALTY
WITHOUT TIME PENALTY
WITHOUT TIME PENALTY
WITHOUT TIME PENALTY
WITHOUT TIME PENALTY
WITHOUT TIME PENALTY
WITHOUT TIME PENALTY
WITHOUT TIME PENALTY
WITHOUT TIME PENALTY
WITHOUT TIME PENALTY
WITHOUT TIME PENALTY
WITHOUT TIME PENALTYWITHOUT TIME PENALTY

WITHOUT TIME PENALTY
WITHOUT TIME PENALTY
WITHOUT TIME PENALTY
WITHOUT TIME PENALTY
WITHOUT TIME PENALTY
WITHOUT TIME PENALTY
WITHOUT TIME PENALTY
WITHOUT TIME PENALTY
WITHOUT TIME PENALTY
WITHOUT TIME PENALTY
WITHOUT TIME PENALTY
WITHOUT TIME PENALTY
WITHOUT TIME PENALTY
WITHOUT TIME PENALTY
WITHOUT TIME PENALTY
WITHOUT TIME PENALTY
WITHOUT TIME PENALTY
WITHOUT TIME PENALTY
WITHOUT TIME PENALTY
WITHOUT TIME PENALTY
WITHOUT TIME PENALTY
Traceback (most recent call last):
  File "/md0/home/UFAD/tcuevasmestanza/CarRacing/experiments/var_fps/train_adaptive_fps_track_aware_lstm.py", line 398, in <module>
    next_obs, reward, terminations, truncations, infos = envs.step(action.cpu().numpy())
                                                         ^^^^^^^^^^^^^^^^^^^^^^^^^^^^^^^
  File "/home/UFAD/tcuevasmestanza/.conda/envs/racing/lib/python3.12/site-packages/gymnasium/vector/async_vector_env.py", line 393, in step
    return self.step_wait()
           ^^^^^^^^^^^^^^^^
  File "/home/UFAD/tcuevasmestanza/.conda/envs/racing/lib/python3.12/site-packages/gymnasium/vector/async_vector_env.py", line 452, in step_wait
    env_step_return, success = pipe.recv()
                               ^^^^^^^^^^^
  File "/home/UFAD/tcuevasmestanza/.conda/envs/racing/lib/python3.12/multiprocessing/connection.py", line 250, in recv
    buf = self._recv_bytes()
          ^^^^^^^^^^^^^^^^^^
  File "/home/UFAD/tcuevasmestanza/.conda/envs/racing/lib/python3.12/multiprocessing/connection.py", line 430, in _recv_bytes
    buf = self._recv(4)
          ^^^^^^^^^^^^^
  File "/home/UFAD/tcuevasmestanza/.conda/envs/racing/lib/python3.12/multiprocessing/connection.py", line 395, in _recv
    chunk = read(handle, remaining)
            ^^^^^^^^^^^^^^^^^^^^^^^
KeyboardInterrupt
